audited 128 seeds in 0.18s; layouts={"Conference": 27, "Lounge": 25, "OpenOffice": 42, "Training": 34}; invalid=0
2026-09-27T20:17:59.484756Z  INFO bevy_render::renderer: AdapterInfo { name: "NVIDIA RTX PRO 6000 Blackwell Workstation Edition", vendor: 4318, device: 11185, device_type: DiscreteGpu, device_pci_bus_id: "0000:01:00.0", driver: "NVIDIA", driver_info: "610.43.02", backend: Vulkan, subgroup_min_size: 32, subgroup_max_size: 32, transient_saves_memory: false }
2026-09-27T20:18:00.367673Z  INFO bevy_zeroverse: initializing BevyZeroversePlugin...
2026-09-27T20:18:00.380376Z  INFO bevy_pbr::cluster: GPU clustering is supported on this device.
2026-09-27T20:18:00.380419Z  INFO bevy_render::batching::gpu_preprocessing: GPU preprocessing is fully supported on this device.
2026-09-27T20:18:00.381312Z  INFO bevy_zeroverse::app: skipping scene initialization.
2026-09-27T20:18:00.404560Z  WARN bevy_burn_human: burn_human: clamping 8 bone influences to 4 for bevy skinning
2026-09-27T20:18:00.702973Z  INFO bevy_zeroverse::scene::procedural_indoor: procedural_indoor seed=0 version=13 humans=0 layout=Lounge room=Vec3(9.602869, 4.0209236, 8.136649) instances=41 cameras=2
captured seed 0 in 1.38s, 6 views, 193 meshes -> out/multiview_review/independent/seed_000000
2026-09-27T20:18:02.085542Z  INFO bevy_zeroverse::scene::procedural_indoor: procedural_indoor seed=1 version=13 humans=0 layout=Lounge room=Vec3(6.2352767, 3.441887, 10.781699) instances=28 cameras=2
captured seed 1 in 0.68s, 6 views, 156 meshes -> out/multiview_review/independent/seed_000001
2026-09-27T20:18:02.928962Z  INFO bevy_zeroverse::scene::procedural_indoor: procedural_indoor seed=2 version=13 humans=2 layout=Conference room=Vec3(9.227144, 4.36624, 7.5120497) instances=39 cameras=2
captured seed 2 in 1.07s, 6 views, 218 meshes -> out/multiview_review/independent/seed_000002
2026-09-27T20:18:04.210690Z  INFO bevy_zeroverse::scene::procedural_indoor: procedural_indoor seed=3 version=13 humans=3 layout=Conference room=Vec3(14.503793, 3.8735237, 12.282196) instances=89 cameras=2
captured seed 3 in 1.16s, 6 views, 481 meshes -> out/multiview_review/independent/seed_000003
2026-09-27T20:18:05.000542Z  INFO bevy_zeroverse::scene::procedural_indoor: procedural_indoor seed=4 version=13 humans=0 layout=Training room=Vec3(6.9152284, 4.2666287, 7.6906037) instances=51 cameras=2
captured seed 4 in 0.71s, 6 views, 226 meshes -> out/multiview_review/independent/seed_000004
2026-09-27T20:18:06.089912Z  INFO bevy_zeroverse::scene::procedural_indoor: procedural_indoor seed=5 version=13 humans=2 layout=Conference room=Vec3(10.629171, 4.3818483, 20.366426) instances=124 cameras=2
captured seed 5 in 1.16s, 6 views, 633 meshes -> out/multiview_review/independent/seed_000005
2026-09-27T20:18:06.998372Z  INFO bevy_zeroverse::scene::procedural_indoor: procedural_indoor seed=6 version=13 humans=1 layout=OpenOffice room=Vec3(6.9133186, 3.085111, 13.072114) instances=66 cameras=2
captured seed 6 in 1.64s, 6 views, 302 meshes -> out/multiview_review/independent/seed_000006
2026-09-27T20:18:09.025329Z  INFO bevy_zeroverse::scene::procedural_indoor: procedural_indoor seed=7 version=13 humans=2 layout=Conference room=Vec3(8.145364, 2.8893657, 17.252607) instances=62 cameras=2
captured seed 7 in 1.45s, 6 views, 349 meshes -> out/multiview_review/independent/seed_000007
