warning: profiles for the non root package will be ignored, specify profiles at the workspace root:
package:   /media/mosure/hyper1/repos/bevy_zeroverse/out/release_031/registry-workspace/core/Cargo.toml
workspace: /media/mosure/hyper1/repos/bevy_zeroverse/out/release_031/registry-workspace/Cargo.toml
    Checking wgpu-hal v29.0.4
   Compiling bevy_zeroverse v0.31.0 (/media/mosure/hyper1/repos/bevy_zeroverse/out/release_031/registry-workspace/core)
    Checking bevy_zeroverse_capture v0.1.1
    Checking errno v0.3.14
    Checking signal-hook-registry v1.4.8
    Checking pest v2.9.2
    Checking signal-hook v0.3.18
    Checking signal-hook-mio v0.2.5
    Checking zstd-safe v7.3.0
    Checking crossterm v0.28.1
    Checking compact_str v0.8.2
    Checking zstd v0.13.3
    Checking py_literal v0.4.0
    Checking ratatui v0.29.0
    Checking crossterm v0.29.0
    Checking ndarray-npy v0.9.1
    Checking criterion-plot v0.8.2
    Checking ndarray v0.17.2
    Checking criterion v0.8.2
    Checking wgpu-core-deps-windows-linux-android v29.0.4
    Checking wgpu-core v29.0.4
    Checking wgpu v29.0.4
    Checking cubecl-wgpu v0.10.0
    Checking bevy_render v0.19.1
    Checking cubecl v0.10.0
    Checking burn-std v0.21.0
    Checking cubek-std v0.2.0
    Checking cubek-quant v0.2.0
    Checking burn-backend v0.21.0
    Checking cubek-random v0.2.0
    Checking cubek-fft v0.2.0
    Checking burn-tensor v0.21.0
    Checking burn-ir v0.21.0
    Checking cubek-matmul v0.2.0
    Checking burn-core v0.21.0
    Checking cubek-reduce v0.2.0
    Checking burn-nn v0.21.0
    Checking burn-optim v0.21.0
    Checking cubek-convolution v0.2.0
    Checking cubek-attention v0.2.0
    Checking burn-store v0.21.0
    Checking cubek v0.2.0
    Checking burn-cubecl v0.21.0
    Checking burn-wgpu v0.21.0
    Checking burn v0.21.0
    Checking burn_human_inference v0.1.4
    Checking burn_llama v0.1.2
    Checking burn_ardy v0.1.4
    Checking bevy_core_pipeline v0.19.1
    Checking bevy_sprite_render v0.19.1
    Checking bevy_pbr v0.19.1
    Checking bevy_post_process v0.19.1
    Checking bevy_anti_alias v0.19.1
    Checking bevy_ui_render v0.19.1
    Checking bevy_egui v0.40.1
    Checking bevy_gizmos_render v0.19.1
    Checking bevy-inspector-egui v0.37.0
    Checking bevy_internal v0.19.1
    Checking bevy v0.19.1
    Checking bevy_panorbit_camera v0.35.1
    Checking bevy_args v4.0.0
    Checking bevy_burn_human v0.6.1
    Checking bevy_zeroverse_burn v0.14.0 (/media/mosure/hyper1/repos/bevy_zeroverse/out/release_031/registry-workspace/burn)
    Checking bevy_zeroverse_ffi v0.31.0 (/media/mosure/hyper1/repos/bevy_zeroverse/out/release_031/registry-workspace/ffi)
    Finished `dev` profile [optimized] target(s) in 1m 05s
warning: the following packages contain code that will be rejected by a future version of Rust: burn-cubecl v0.21.0
note: to see what the problems were, use the option `--future-incompat-report`, or run `cargo report future-incompatibilities --id 2`
