warning: profiles for the non root package will be ignored, specify profiles at the workspace root:
package:   /media/mosure/hyper1/repos/bevy_zeroverse/out/release_031/registry-workspace/core/Cargo.toml
workspace: /media/mosure/hyper1/repos/bevy_zeroverse/out/release_031/registry-workspace/Cargo.toml
   Compiling wgpu-hal v29.0.4
   Compiling errno v0.3.14
   Compiling pest v2.9.2
   Compiling darling_core v0.24.1
   Compiling signal-hook-registry v1.4.8
   Compiling signal-hook v0.3.18
   Compiling signal-hook-mio v0.2.5
   Compiling zstd-safe v7.3.0
   Compiling pest_meta v2.9.2
   Compiling crossterm v0.28.1
   Compiling wgpu-core-deps-windows-linux-android v29.0.4
   Compiling wgpu-core v29.0.4
   Compiling pest_generator v2.9.2
   Compiling wgpu v29.0.4
   Compiling cubecl-wgpu v0.10.0
   Compiling cubecl v0.10.0
   Compiling bevy_render v0.19.1
   Compiling burn-std v0.21.0
   Compiling burn-backend v0.21.0
   Compiling cubek-std v0.2.0
   Compiling cubek-matmul v0.2.0
   Compiling burn-tensor v0.21.0
   Compiling burn-core v0.21.0
   Compiling cubek-reduce v0.2.0
   Compiling cubek-quant v0.2.0
   Compiling cubek-attention v0.2.0
   Compiling cubek-convolution v0.2.0
   Compiling cubek-fft v0.2.0
   Compiling cubek-random v0.2.0
   Compiling cubek v0.2.0
   Compiling burn-ir v0.21.0
   Compiling burn-optim v0.21.0
   Compiling burn-nn v0.21.0
   Compiling burn-store v0.21.0
   Compiling burn-cubecl v0.21.0
   Compiling burn-wgpu v0.21.0
   Compiling burn v0.21.0
   Compiling burn_human_inference v0.1.4
   Compiling darling_macro v0.24.1
   Compiling pest_derive v2.9.2
   Compiling burn_ardy v0.1.4
   Compiling py_literal v0.4.0
   Compiling burn_llama v0.1.2
   Compiling darling v0.24.1
   Compiling instability v0.3.14
   Compiling compact_str v0.8.2
   Compiling bevy_core_pipeline v0.19.1
   Compiling bevy_zeroverse_capture v0.1.1
   Compiling ratatui v0.29.0
   Compiling ndarray-npy v0.9.1
   Compiling zstd v0.13.3
   Compiling crossterm v0.29.0
   Compiling criterion-plot v0.8.2
   Compiling criterion v0.8.2
   Compiling bevy_sprite_render v0.19.1
   Compiling bevy_pbr v0.19.1
   Compiling bevy_ui_render v0.19.1
   Compiling bevy_anti_alias v0.19.1
   Compiling bevy_gizmos_render v0.19.1
   Compiling bevy_post_process v0.19.1
   Compiling bevy_internal v0.19.1
   Compiling bevy v0.19.1
   Compiling bevy_egui v0.40.1
   Compiling bevy_burn_human v0.6.1
   Compiling bevy-inspector-egui v0.37.0
   Compiling bevy_panorbit_camera v0.35.1
   Compiling bevy_args v4.0.0
   Compiling bevy_zeroverse v0.31.0 (/media/mosure/hyper1/repos/bevy_zeroverse/out/release_031/registry-workspace/core)
   Compiling bevy_zeroverse_burn v0.14.0 (/media/mosure/hyper1/repos/bevy_zeroverse/out/release_031/registry-workspace/burn)
    Finished `test` profile [optimized] target(s) in 3m 58s
warning: the following packages contain code that will be rejected by a future version of Rust: burn-cubecl v0.21.0
note: to see what the problems were, use the option `--future-incompat-report`, or run `cargo report future-incompatibilities --id 2`
     Running tests/dataset_tests.rs (/media/mosure/hyper2/build/bevy_zeroverse-0.28.1/debug/build/bevy_zeroverse_burn/63e69b2380f005f6/out/dataset_tests-63e69b2380f005f6)

running 1 test
test headless_fs_render_mode_resets_between_timesteps ... 
running 1 test
test headless_fs_render_mode_resets_between_timesteps ... ok

test result: ok. 1 passed; 0 failed; 0 ignored; 0 measured; 9 filtered out; finished in 2.02s

ok

test result: ok. 1 passed; 0 failed; 0 ignored; 0 measured; 9 filtered out; finished in 2.12s

