
running 1 test
test animated_viewer_settings_capture_fixed_steps_and_reject_midflight_changes ... 2026-09-24T02:39:39.964849Z  INFO bevy_render::renderer: AdapterInfo { name: "NVIDIA RTX PRO 6000 Blackwell Workstation Edition", vendor: 4318, device: 11185, device_type: DiscreteGpu, device_pci_bus_id: "0000:01:00.0", driver: "NVIDIA", driver_info: "610.43.02", backend: Vulkan, subgroup_min_size: 32, subgroup_max_size: 32, transient_saves_memory: false }
2026-09-24T02:39:40.730603Z  INFO bevy_zeroverse: initializing BevyZeroversePlugin...
2026-09-24T02:39:40.741661Z  INFO bevy_pbr::cluster: GPU clustering is supported on this device.
2026-09-24T02:39:40.741675Z  INFO bevy_render::batching::gpu_preprocessing: GPU preprocessing is fully supported on this device.
2026-09-24T02:39:40.742236Z  INFO bevy_zeroverse::mesh: BEVY_ASSET_ROOT: `/tmp/.tmpBLkTmo`
2026-09-24T02:39:40.742239Z  INFO bevy_zeroverse::material: BEVY_ASSET_ROOT: `/tmp/.tmpBLkTmo`
2026-09-24T02:39:40.742255Z  INFO bevy_zeroverse::material: current working directory: /tmp/.tmpBLkTmo
2026-09-24T02:39:40.742297Z  INFO bevy_zeroverse::material: found 0 materials
2026-09-24T02:39:40.887271Z  INFO bevy_zeroverse::scene::procedural_indoor: procedural_indoor seed=6 version=3 humans=3 layout=OpenOffice room=Vec3(8.844214, 3.2474034, 9.035895) instances=40 cameras=1
Float32Geometry step=0 time=0: AnnotationAlignment { checked_pixels: 2120, depth_position_p99_metres: 2.861023e-6, reprojection_p99_pixels: 0.0018603994, normal_length_max_error: 1.7881393e-7, position_quantization_budget_p99_ratio: 0.15161844 }
Float32Geometry step=1 time=0.4: AnnotationAlignment { checked_pixels: 2120, depth_position_p99_metres: 2.861023e-6, reprojection_p99_pixels: 0.0019043708, normal_length_max_error: 1.7881393e-7, position_quantization_budget_p99_ratio: 0.14820445 }
Float32Geometry step=2 time=0.8: AnnotationAlignment { checked_pixels: 2120, depth_position_p99_metres: 2.861023e-6, reprojection_p99_pixels: 0.002091298, normal_length_max_error: 1.1920929e-7, position_quantization_budget_p99_ratio: 0.15377237 }
Float16Hdr step=0 time=0: AnnotationAlignment { checked_pixels: 2120, depth_position_p99_metres: 0.017966509, reprojection_p99_pixels: 0.82346034, normal_length_max_error: 0.0011794567, position_quantization_budget_p99_ratio: 0.80837184 }
Float16Hdr step=1 time=0.4: AnnotationAlignment { checked_pixels: 2120, depth_position_p99_metres: 0.018419027, reprojection_p99_pixels: 0.79383713, normal_length_max_error: 0.0012648702, position_quantization_budget_p99_ratio: 0.8217359 }
Float16Hdr step=2 time=0.8: AnnotationAlignment { checked_pixels: 2120, depth_position_p99_metres: 0.018449783, reprojection_p99_pixels: 0.8191279, normal_length_max_error: 0.0012930632, position_quantization_budget_p99_ratio: 0.82340026 }
2026-09-24T02:39:43.451058Z  INFO bevy_zeroverse::scene::procedural_indoor: procedural_indoor seed=7 version=3 humans=4 layout=Conference room=Vec3(7.6943026, 2.9547467, 7.838359) instances=46 cameras=1
Float32Geometry step=0 time=0: AnnotationAlignment { checked_pixels: 2120, depth_position_p99_metres: 1.9073486e-6, reprojection_p99_pixels: 0.001923576, normal_length_max_error: 2.3841858e-7, position_quantization_budget_p99_ratio: 0.16037294 }
Float32Geometry step=1 time=0.4: AnnotationAlignment { checked_pixels: 2120, depth_position_p99_metres: 1.9073486e-6, reprojection_p99_pixels: 0.0019497842, normal_length_max_error: 1.7881393e-7, position_quantization_budget_p99_ratio: 0.15196645 }
Float32Geometry step=2 time=0.8: AnnotationAlignment { checked_pixels: 2120, depth_position_p99_metres: 1.9073486e-6, reprojection_p99_pixels: 0.0020486168, normal_length_max_error: 1.7881393e-7, position_quantization_budget_p99_ratio: 0.16188933 }
Float32Geometry step=0 time=0: AnnotationAlignment { checked_pixels: 2120, depth_position_p99_metres: 1.9073486e-6, reprojection_p99_pixels: 0.001923576, normal_length_max_error: 2.3841858e-7, position_quantization_budget_p99_ratio: 0.16037294 }
Float32Geometry step=1 time=0.4: AnnotationAlignment { checked_pixels: 2120, depth_position_p99_metres: 1.9073486e-6, reprojection_p99_pixels: 0.0019497842, normal_length_max_error: 1.7881393e-7, position_quantization_budget_p99_ratio: 0.15196645 }
Float32Geometry step=2 time=0.8: AnnotationAlignment { checked_pixels: 2120, depth_position_p99_metres: 1.9073486e-6, reprojection_p99_pixels: 0.0020486168, normal_length_max_error: 1.7881393e-7, position_quantization_budget_p99_ratio: 0.16188933 }
total native headless polling sleeps: 16
ok

test result: ok. 1 passed; 0 failed; 0 ignored; 0 measured; 0 filtered out; finished in 4.08s

