$ cargo test --lib --no-default-features --features multi_threaded capture_motion_tests -- --nocapture
$ target/debug/build/bevy_zeroverse/0af332a162f2079c/out/bevy_zeroverse-0af332a162f2079c capture_motion_tests --nocapture

running 5 tests
test sample::capture_motion_tests::camera_snapshot_rejects_pose_intrinsics_and_time_drift ... ok
test sample::capture_motion_tests::float32_geometry_rejects_unsupported_modes_without_dropping_requested_channels ... ok
test sample::capture_motion_tests::readback_backoff_requires_all_copies_submitted_and_an_incomplete_packet ... ok
test sample::capture_motion_tests::readback_backoff_is_bounded_and_excludes_interactive_idle_and_failed_capture ... ok
test sample::capture_motion_tests::capture_owns_normalized_time_and_restores_interactive_playback ... ok

test result: ok. 5 passed; 0 failed; 0 ignored; 0 measured; 61 filtered out; finished in 0.00s

$ cargo test --test capture_coherence --no-default-features --features multi_threaded -- --ignored --nocapture
$ target/debug/build/bevy_zeroverse/06398873581cb4b9/out/capture_coherence-06398873581cb4b9 --ignored --nocapture

running 1 test
2026-09-23T19:06:55.033498Z  INFO bevy_render::renderer: AdapterInfo { name: "NVIDIA RTX PRO 6000 Blackwell Workstation Edition", vendor: 4318, device: 11185, device_type: DiscreteGpu, driver: "NVIDIA", driver_info: "610.43.02", backend: Vulkan }
2026-09-23T19:06:55.241158Z  INFO bevy_zeroverse: initializing BevyZeroversePlugin...
2026-09-23T19:06:55.285307Z  INFO bevy_render::batching::gpu_preprocessing: GPU preprocessing is fully supported on this device.
2026-09-23T19:06:55.291988Z  INFO bevy_zeroverse::mesh: BEVY_ASSET_ROOT: `/tmp/.tmpCHRXSE`
2026-09-23T19:06:55.292000Z  INFO bevy_zeroverse::material: BEVY_ASSET_ROOT: `/tmp/.tmpCHRXSE`
2026-09-23T19:06:55.298718Z  INFO bevy_zeroverse::material: current working directory: /tmp/.tmpCHRXSE
2026-09-23T19:06:55.301267Z  INFO bevy_zeroverse::material: found 0 materials
2026-09-23T19:06:55.451755Z  INFO bevy_zeroverse::scene::procedural_indoor: procedural_indoor seed=6 version=3 humans=3 layout=OpenOffice room=Vec3(8.844214, 3.2474034, 9.035895) instances=40 cameras=1
2026-09-23T19:06:55.515229Z  WARN bevy_pbr::render::mesh_view_bindings: Too many textures in mesh pipeline view layout, this might cause us to hit `wgpu::Limits::max_sampled_textures_per_shader_stage` in some environments.
Float32Geometry step=0 time=0: AnnotationAlignment { checked_pixels: 2120, depth_position_p99_metres: 1.9073486e-6, reprojection_p99_pixels: 0.001855763, normal_length_max_error: 1.7881393e-7, position_quantization_budget_p99_ratio: 0.14962758 }
Float32Geometry step=1 time=0.4: AnnotationAlignment { checked_pixels: 2120, depth_position_p99_metres: 2.6226044e-6, reprojection_p99_pixels: 0.00190773, normal_length_max_error: 1.7881393e-7, position_quantization_budget_p99_ratio: 0.1449199 }
Float32Geometry step=2 time=0.8: AnnotationAlignment { checked_pixels: 2120, depth_position_p99_metres: 1.9073486e-6, reprojection_p99_pixels: 0.002098517, normal_length_max_error: 1.7881393e-7, position_quantization_budget_p99_ratio: 0.15235469 }
Float16Hdr step=0 time=0: AnnotationAlignment { checked_pixels: 2120, depth_position_p99_metres: 0.016980171, reprojection_p99_pixels: 0.6967445, normal_length_max_error: 0.0011794567, position_quantization_budget_p99_ratio: 0.81169695 }
Float16Hdr step=1 time=0.4: AnnotationAlignment { checked_pixels: 2120, depth_position_p99_metres: 0.01695633, reprojection_p99_pixels: 0.7324159, normal_length_max_error: 0.0013241172, position_quantization_budget_p99_ratio: 0.8128126 }
Float16Hdr step=2 time=0.8: AnnotationAlignment { checked_pixels: 2120, depth_position_p99_metres: 0.017141342, reprojection_p99_pixels: 0.78979856, normal_length_max_error: 0.0012930632, position_quantization_budget_p99_ratio: 0.81392187 }
2026-09-23T19:06:56.183382Z  INFO bevy_zeroverse::scene::procedural_indoor: procedural_indoor seed=7 version=3 humans=4 layout=Conference room=Vec3(7.6943026, 2.9547467, 7.838359) instances=46 cameras=1
Float32Geometry step=0 time=0: AnnotationAlignment { checked_pixels: 2120, depth_position_p99_metres: 1.9073486e-6, reprojection_p99_pixels: 0.001912773, normal_length_max_error: 2.3841858e-7, position_quantization_budget_p99_ratio: 0.1611265 }
Float32Geometry step=1 time=0.4: AnnotationAlignment { checked_pixels: 2120, depth_position_p99_metres: 1.9073486e-6, reprojection_p99_pixels: 0.001986062, normal_length_max_error: 1.7881393e-7, position_quantization_budget_p99_ratio: 0.15118745 }
Float32Geometry step=2 time=0.8: AnnotationAlignment { checked_pixels: 2120, depth_position_p99_metres: 1.9073486e-6, reprojection_p99_pixels: 0.0020379634, normal_length_max_error: 2.3841858e-7, position_quantization_budget_p99_ratio: 0.1613814 }
test animated_viewer_settings_capture_fixed_steps_and_reject_midflight_changes ... ok

test result: ok. 1 passed; 0 failed; 0 ignored; 0 measured; 0 filtered out; finished in 1.54s

