
running 1 test
test animated_viewer_settings_capture_fixed_steps_and_reject_midflight_changes ... 2026-09-24T18:18:27.940380Z  INFO bevy_render::renderer: AdapterInfo { name: "NVIDIA RTX PRO 6000 Blackwell Workstation Edition", vendor: 4318, device: 11185, device_type: DiscreteGpu, device_pci_bus_id: "0000:01:00.0", driver: "NVIDIA", driver_info: "610.43.02", backend: Vulkan, subgroup_min_size: 32, subgroup_max_size: 32, transient_saves_memory: false }
2026-09-24T18:18:28.558682Z  INFO bevy_zeroverse: initializing BevyZeroversePlugin...
2026-09-24T18:18:28.570152Z  INFO bevy_pbr::cluster: GPU clustering is supported on this device.
2026-09-24T18:18:28.570211Z  INFO bevy_render::batching::gpu_preprocessing: GPU preprocessing is fully supported on this device.
2026-09-24T18:18:28.711168Z  INFO bevy_zeroverse::scene::procedural_indoor: procedural_indoor seed=6 version=3 humans=3 layout=OpenOffice room=Vec3(8.844214, 3.2474034, 9.035895) instances=40 cameras=1
Float32Geometry step=0 time=0: AnnotationAlignment { checked_pixels: 2120, depth_position_p99_metres: 2.861023e-6, reprojection_p99_pixels: 0.0018800073, normal_length_max_error: 1.7881393e-7, position_quantization_budget_p99_ratio: 0.15263855 }
Float32Geometry step=1 time=0.4: AnnotationAlignment { checked_pixels: 2120, depth_position_p99_metres: 3.0994415e-6, reprojection_p99_pixels: 0.0019035492, normal_length_max_error: 1.7881393e-7, position_quantization_budget_p99_ratio: 0.14701633 }
Float32Geometry step=2 time=0.8: AnnotationAlignment { checked_pixels: 2120, depth_position_p99_metres: 2.861023e-6, reprojection_p99_pixels: 0.0021046398, normal_length_max_error: 1.7881393e-7, position_quantization_budget_p99_ratio: 0.15362059 }
Float16Hdr step=0 time=0: AnnotationAlignment { checked_pixels: 2120, depth_position_p99_metres: 0.018023968, reprojection_p99_pixels: 0.82392836, normal_length_max_error: 0.0011794567, position_quantization_budget_p99_ratio: 0.8107856 }
Float16Hdr step=1 time=0.4: AnnotationAlignment { checked_pixels: 2120, depth_position_p99_metres: 0.018562317, reprojection_p99_pixels: 0.8367113, normal_length_max_error: 0.0013241172, position_quantization_budget_p99_ratio: 0.8307032 }
Float16Hdr step=2 time=0.8: AnnotationAlignment { checked_pixels: 2120, depth_position_p99_metres: 0.01837492, reprojection_p99_pixels: 0.8110302, normal_length_max_error: 0.0012930632, position_quantization_budget_p99_ratio: 0.8249429 }
2026-09-24T18:18:31.036232Z  INFO bevy_zeroverse::scene::procedural_indoor: procedural_indoor seed=7 version=3 humans=4 layout=Conference room=Vec3(7.6943026, 2.9547467, 7.838359) instances=46 cameras=1
Float32Geometry step=0 time=0: AnnotationAlignment { checked_pixels: 2120, depth_position_p99_metres: 1.9073486e-6, reprojection_p99_pixels: 0.0019178938, normal_length_max_error: 1.7881393e-7, position_quantization_budget_p99_ratio: 0.16037291 }
Float32Geometry step=1 time=0.4: AnnotationAlignment { checked_pixels: 2120, depth_position_p99_metres: 1.9073486e-6, reprojection_p99_pixels: 0.0019349805, normal_length_max_error: 1.7881393e-7, position_quantization_budget_p99_ratio: 0.15073098 }
Float32Geometry step=2 time=0.8: AnnotationAlignment { checked_pixels: 2120, depth_position_p99_metres: 1.9073486e-6, reprojection_p99_pixels: 0.0020526967, normal_length_max_error: 1.7881393e-7, position_quantization_budget_p99_ratio: 0.1607747 }
Float32Geometry step=0 time=0: AnnotationAlignment { checked_pixels: 2120, depth_position_p99_metres: 1.9073486e-6, reprojection_p99_pixels: 0.0019178938, normal_length_max_error: 1.7881393e-7, position_quantization_budget_p99_ratio: 0.16037291 }
Float32Geometry step=1 time=0.4: AnnotationAlignment { checked_pixels: 2120, depth_position_p99_metres: 1.9073486e-6, reprojection_p99_pixels: 0.0019349805, normal_length_max_error: 1.7881393e-7, position_quantization_budget_p99_ratio: 0.15073098 }
Float32Geometry step=2 time=0.8: AnnotationAlignment { checked_pixels: 2120, depth_position_p99_metres: 1.9073486e-6, reprojection_p99_pixels: 0.0020526967, normal_length_max_error: 1.7881393e-7, position_quantization_budget_p99_ratio: 0.1607747 }
total native headless polling sleeps: 3
ok

test result: ok. 1 passed; 0 failed; 0 ignored; 0 measured; 0 filtered out; finished in 3.90s

