
running 1 test
test retired_view_keys_are_evicted_without_changing_captured_pixels ... 2026-09-24T18:15:32.496653Z  INFO bevy_render::renderer: AdapterInfo { name: "NVIDIA RTX PRO 6000 Blackwell Workstation Edition", vendor: 4318, device: 11185, device_type: DiscreteGpu, device_pci_bus_id: "0000:01:00.0", driver: "NVIDIA", driver_info: "610.43.02", backend: Vulkan, subgroup_min_size: 32, subgroup_max_size: 32, transient_saves_memory: false }
2026-09-24T18:15:33.345351Z  INFO bevy_zeroverse: initializing BevyZeroversePlugin...
2026-09-24T18:15:33.357000Z  INFO bevy_pbr::cluster: GPU clustering is supported on this device.
2026-09-24T18:15:33.357027Z  INFO bevy_render::batching::gpu_preprocessing: GPU preprocessing is fully supported on this device.
2026-09-24T18:15:33.357777Z  INFO bevy_zeroverse::app: skipping scene initialization.
2026-09-24T18:15:34.366347Z  INFO bevy_zeroverse::scene::procedural_indoor: procedural_indoor seed=6 version=3 humans=3 layout=OpenOffice room=Vec3(8.844214, 3.2474034, 9.035895) instances=40 cameras=2
Same-state RGB and labels are bit-exact before enabling cleanup
2026-09-24T18:15:36.285498Z  INFO bevy_zeroverse::scene::procedural_indoor: procedural_indoor seed=0 version=3 humans=1 layout=Lounge room=Vec3(10.119931, 3.4203894, 8.970502) instances=30 cameras=2
2026-09-24T18:15:36.483726Z  INFO bevy_zeroverse::scene::procedural_indoor: procedural_indoor seed=1 version=3 humans=0 layout=Lounge room=Vec3(8.770937, 3.6369076, 7.505458) instances=30 cameras=2
2026-09-24T18:15:36.780618Z  INFO bevy_zeroverse::scene::procedural_indoor: procedural_indoor seed=2 version=3 humans=3 layout=Conference room=Vec3(10.877898, 3.2439413, 9.284038) instances=49 cameras=2
2026-09-24T18:15:37.152456Z  INFO bevy_zeroverse::scene::procedural_indoor: procedural_indoor seed=3 version=3 humans=5 layout=Conference room=Vec3(9.741056, 3.3431041, 7.5089464) instances=46 cameras=2
2026-09-24T18:15:37.446592Z  INFO bevy_zeroverse::scene::procedural_indoor: procedural_indoor seed=4 version=3 humans=0 layout=Training room=Vec3(10.195659, 3.3511937, 7.465307) instances=41 cameras=2
2026-09-24T18:15:37.725236Z  INFO bevy_zeroverse::scene::procedural_indoor: procedural_indoor seed=5 version=3 humans=4 layout=Conference room=Vec3(7.885498, 3.035493, 9.917686) instances=47 cameras=2
2026-09-24T18:15:37.988636Z  INFO bevy_zeroverse::scene::procedural_indoor: procedural_indoor seed=6 version=3 humans=3 layout=OpenOffice room=Vec3(8.844214, 3.2474034, 9.035895) instances=40 cameras=2
2026-09-24T18:15:38.312501Z  INFO bevy_zeroverse::scene::procedural_indoor: procedural_indoor seed=7 version=3 humans=4 layout=Conference room=Vec3(7.6943026, 2.9547467, 7.838359) instances=46 cameras=2
2026-09-24T18:15:38.583910Z  INFO bevy_zeroverse::scene::procedural_indoor: procedural_indoor seed=8 version=3 humans=2 layout=OpenOffice room=Vec3(7.318502, 2.9024034, 10.0071535) instances=42 cameras=2
2026-09-24T18:15:38.821464Z  INFO bevy_zeroverse::scene::procedural_indoor: procedural_indoor seed=9 version=3 humans=1 layout=Lounge room=Vec3(7.50214, 3.6092021, 10.171633) instances=29 cameras=2
2026-09-24T18:15:39.032880Z  INFO bevy_zeroverse::scene::procedural_indoor: procedural_indoor seed=10 version=3 humans=1 layout=OpenOffice room=Vec3(9.46343, 2.9848878, 7.2320375) instances=35 cameras=2
2026-09-24T18:15:39.219476Z  INFO bevy_zeroverse::scene::procedural_indoor: procedural_indoor seed=11 version=3 humans=0 layout=OpenOffice room=Vec3(8.569317, 3.6068974, 7.5433474) instances=35 cameras=2
2026-09-24T18:15:39.470084Z  INFO bevy_zeroverse::scene::procedural_indoor: procedural_indoor seed=12 version=3 humans=0 layout=Conference room=Vec3(7.0053306, 3.6433396, 10.1476755) instances=51 cameras=2
2026-09-24T18:15:39.731227Z  INFO bevy_zeroverse::scene::procedural_indoor: procedural_indoor seed=13 version=3 humans=1 layout=Conference room=Vec3(8.486969, 3.3958898, 7.499921) instances=43 cameras=2
2026-09-24T18:15:40.049840Z  INFO bevy_zeroverse::scene::procedural_indoor: procedural_indoor seed=14 version=3 humans=4 layout=Training room=Vec3(10.02398, 3.0398867, 8.66677) instances=39 cameras=2
2026-09-24T18:15:40.275338Z  INFO bevy_zeroverse::scene::procedural_indoor: procedural_indoor seed=15 version=3 humans=2 layout=Lounge room=Vec3(10.491941, 2.861989, 7.521929) instances=29 cameras=2
2026-09-24T18:15:40.552955Z  INFO bevy_zeroverse::scene::procedural_indoor: procedural_indoor seed=16 version=3 humans=3 layout=Training room=Vec3(7.6256223, 3.298007, 9.795277) instances=48 cameras=2
2026-09-24T18:15:40.835535Z  INFO bevy_zeroverse::scene::procedural_indoor: procedural_indoor seed=17 version=3 humans=2 layout=Training room=Vec3(10.100905, 2.9901884, 9.666424) instances=49 cameras=2
2026-09-24T18:15:41.158797Z  INFO bevy_zeroverse::scene::procedural_indoor: procedural_indoor seed=18 version=3 humans=5 layout=Conference room=Vec3(7.560452, 3.4044206, 8.225169) instances=50 cameras=2
2026-09-24T18:15:41.516323Z  INFO bevy_zeroverse::scene::procedural_indoor: procedural_indoor seed=19 version=3 humans=5 layout=Conference room=Vec3(9.054547, 3.5343769, 8.660234) instances=48 cameras=2
2026-09-24T18:15:41.836061Z  INFO bevy_zeroverse::scene::procedural_indoor: procedural_indoor seed=20 version=3 humans=5 layout=Training room=Vec3(10.686194, 3.4848652, 9.2073965) instances=49 cameras=2
2026-09-24T18:15:42.060058Z  INFO bevy_zeroverse::scene::procedural_indoor: procedural_indoor seed=21 version=3 humans=1 layout=OpenOffice room=Vec3(9.058482, 3.6139226, 9.549727) instances=43 cameras=2
2026-09-24T18:15:42.312452Z  INFO bevy_zeroverse::scene::procedural_indoor: procedural_indoor seed=22 version=3 humans=4 layout=Training room=Vec3(10.176779, 3.2622, 7.8190126) instances=38 cameras=2
2026-09-24T18:15:42.637027Z  INFO bevy_zeroverse::scene::procedural_indoor: procedural_indoor seed=23 version=3 humans=5 layout=Conference room=Vec3(9.381929, 2.9762738, 8.136571) instances=46 cameras=2
2026-09-24T18:15:42.912482Z  INFO bevy_zeroverse::scene::procedural_indoor: procedural_indoor seed=24 version=3 humans=5 layout=OpenOffice room=Vec3(11.041795, 2.8596525, 9.746347) instances=46 cameras=2
2026-09-24T18:15:43.161774Z  INFO bevy_zeroverse::scene::procedural_indoor: procedural_indoor seed=25 version=3 humans=2 layout=OpenOffice room=Vec3(7.761205, 2.8195088, 9.123901) instances=42 cameras=2
2026-09-24T18:15:43.509218Z  INFO bevy_zeroverse::scene::procedural_indoor: procedural_indoor seed=26 version=3 humans=5 layout=Training room=Vec3(9.708535, 3.571228, 9.58527) instances=50 cameras=2
2026-09-24T18:15:43.862892Z  INFO bevy_zeroverse::scene::procedural_indoor: procedural_indoor seed=27 version=3 humans=5 layout=Conference room=Vec3(9.899258, 2.839034, 9.081989) instances=51 cameras=2
2026-09-24T18:15:44.180534Z  INFO bevy_zeroverse::scene::procedural_indoor: procedural_indoor seed=28 version=3 humans=4 layout=Training room=Vec3(10.601601, 3.5677466, 10.761026) instances=53 cameras=2
2026-09-24T18:15:44.452191Z  INFO bevy_zeroverse::scene::procedural_indoor: procedural_indoor seed=29 version=3 humans=2 layout=Lounge room=Vec3(8.879862, 3.54907, 7.547785) instances=30 cameras=2
2026-09-24T18:15:44.676790Z  INFO bevy_zeroverse::scene::procedural_indoor: procedural_indoor seed=30 version=3 humans=2 layout=OpenOffice room=Vec3(9.433811, 2.9586082, 7.7769074) instances=33 cameras=2
2026-09-24T18:15:44.924595Z  INFO bevy_zeroverse::scene::procedural_indoor: procedural_indoor seed=31 version=3 humans=3 layout=OpenOffice room=Vec3(11.029909, 3.5969439, 10.094923) instances=45 cameras=2
2026-09-24T18:15:45.141692Z  INFO bevy_zeroverse::scene::procedural_indoor: procedural_indoor seed=32 version=3 humans=0 layout=OpenOffice room=Vec3(9.943509, 2.9989579, 7.3279905) instances=36 cameras=2
2026-09-24T18:15:45.454547Z  INFO bevy_zeroverse::scene::procedural_indoor: procedural_indoor seed=33 version=3 humans=4 layout=Training room=Vec3(8.175475, 2.9605906, 10.052823) instances=50 cameras=2
2026-09-24T18:15:45.706189Z  INFO bevy_zeroverse::scene::procedural_indoor: procedural_indoor seed=34 version=3 humans=1 layout=Training room=Vec3(9.932082, 3.1449282, 7.2288694) instances=39 cameras=2
2026-09-24T18:15:45.997077Z  INFO bevy_zeroverse::scene::procedural_indoor: procedural_indoor seed=35 version=3 humans=4 layout=Training room=Vec3(11.305006, 3.2295125, 8.339919) instances=38 cameras=2
2026-09-24T18:15:46.242804Z  INFO bevy_zeroverse::scene::procedural_indoor: procedural_indoor seed=36 version=3 humans=2 layout=Lounge room=Vec3(7.162575, 3.3686903, 9.595118) instances=27 cameras=2
2026-09-24T18:15:46.459313Z  INFO bevy_zeroverse::scene::procedural_indoor: procedural_indoor seed=37 version=3 humans=2 layout=Lounge room=Vec3(10.192024, 2.9807212, 9.412664) instances=28 cameras=2
2026-09-24T18:15:46.739567Z  INFO bevy_zeroverse::scene::procedural_indoor: procedural_indoor seed=38 version=3 humans=2 layout=Conference room=Vec3(9.171095, 3.5434036, 10.821186) instances=56 cameras=2
2026-09-24T18:15:47.085646Z  INFO bevy_zeroverse::scene::procedural_indoor: procedural_indoor seed=39 version=3 humans=4 layout=Training room=Vec3(11.224785, 3.5772877, 9.883616) instances=51 cameras=2
2026-09-24T18:15:47.305396Z  INFO bevy_zeroverse::scene::procedural_indoor: procedural_indoor seed=40 version=3 humans=0 layout=OpenOffice room=Vec3(8.74568, 3.349382, 8.246111) instances=35 cameras=2
2026-09-24T18:15:47.516086Z  INFO bevy_zeroverse::scene::procedural_indoor: procedural_indoor seed=41 version=3 humans=2 layout=OpenOffice room=Vec3(9.530834, 3.1589582, 7.236823) instances=34 cameras=2
2026-09-24T18:15:47.914006Z  INFO bevy_zeroverse::scene::procedural_indoor: procedural_indoor seed=42 version=3 humans=9 layout=Conference room=Vec3(10.000342, 2.9244282, 10.811047) instances=61 cameras=2
2026-09-24T18:15:48.187482Z  INFO bevy_zeroverse::scene::procedural_indoor: procedural_indoor seed=43 version=3 humans=2 layout=OpenOffice room=Vec3(7.351426, 3.1029255, 9.660557) instances=42 cameras=2
2026-09-24T18:15:48.422043Z  INFO bevy_zeroverse::scene::procedural_indoor: procedural_indoor seed=44 version=3 humans=1 layout=Lounge room=Vec3(11.27767, 3.352808, 9.8162155) instances=30 cameras=2
2026-09-24T18:15:48.731745Z  INFO bevy_zeroverse::scene::procedural_indoor: procedural_indoor seed=45 version=3 humans=3 layout=Conference room=Vec3(9.152594, 3.2603555, 9.250935) instances=52 cameras=2
2026-09-24T18:15:49.017872Z  INFO bevy_zeroverse::scene::procedural_indoor: procedural_indoor seed=46 version=3 humans=3 layout=OpenOffice room=Vec3(10.227131, 3.3318574, 7.311283) instances=35 cameras=2
2026-09-24T18:15:49.359927Z  INFO bevy_zeroverse::scene::procedural_indoor: procedural_indoor seed=47 version=3 humans=5 layout=Training room=Vec3(9.470444, 2.8339827, 9.059871) instances=51 cameras=2
2026-09-24T18:15:49.648819Z  INFO bevy_zeroverse::scene::procedural_indoor: procedural_indoor seed=48 version=3 humans=3 layout=OpenOffice room=Vec3(8.583058, 3.0600057, 7.89671) instances=35 cameras=2
2026-09-24T18:15:49.932460Z  INFO bevy_zeroverse::scene::procedural_indoor: procedural_indoor seed=49 version=3 humans=2 layout=Conference room=Vec3(9.320328, 2.9700181, 10.787579) instances=54 cameras=2
2026-09-24T18:15:50.173829Z  INFO bevy_zeroverse::scene::procedural_indoor: procedural_indoor seed=50 version=3 humans=1 layout=OpenOffice room=Vec3(8.428901, 3.0318613, 8.339169) instances=33 cameras=2
2026-09-24T18:15:50.545186Z  INFO bevy_zeroverse::scene::procedural_indoor: procedural_indoor seed=51 version=3 humans=6 layout=Conference room=Vec3(10.497404, 2.8726852, 9.534834) instances=55 cameras=2
2026-09-24T18:15:50.875746Z  INFO bevy_zeroverse::scene::procedural_indoor: procedural_indoor seed=52 version=3 humans=2 layout=Training room=Vec3(9.197319, 3.4656227, 9.4377575) instances=50 cameras=2
2026-09-24T18:15:51.170671Z  INFO bevy_zeroverse::scene::procedural_indoor: procedural_indoor seed=53 version=3 humans=4 layout=Training room=Vec3(9.135757, 3.6349456, 8.064757) instances=41 cameras=2
2026-09-24T18:15:51.485564Z  INFO bevy_zeroverse::scene::procedural_indoor: procedural_indoor seed=54 version=3 humans=4 layout=Training room=Vec3(10.815225, 3.5779648, 8.588039) instances=39 cameras=2
2026-09-24T18:15:51.700470Z  INFO bevy_zeroverse::scene::procedural_indoor: procedural_indoor seed=55 version=3 humans=2 layout=Lounge room=Vec3(9.488959, 3.5015545, 7.3385434) instances=26 cameras=2
2026-09-24T18:15:51.966535Z  INFO bevy_zeroverse::scene::procedural_indoor: procedural_indoor seed=56 version=3 humans=3 layout=OpenOffice room=Vec3(8.993713, 3.3316808, 10.409227) instances=44 cameras=2
2026-09-24T18:15:52.294969Z  INFO bevy_zeroverse::scene::procedural_indoor: procedural_indoor seed=57 version=3 humans=3 layout=Conference room=Vec3(11.1280575, 2.9310124, 8.113618) instances=44 cameras=2
2026-09-24T18:15:52.488913Z  INFO bevy_zeroverse::scene::procedural_indoor: procedural_indoor seed=58 version=3 humans=0 layout=Lounge room=Vec3(10.525337, 3.6390638, 8.099745) instances=27 cameras=2
2026-09-24T18:15:52.728965Z  INFO bevy_zeroverse::scene::procedural_indoor: procedural_indoor seed=59 version=3 humans=3 layout=OpenOffice room=Vec3(9.511583, 3.383254, 7.6357455) instances=33 cameras=2
2026-09-24T18:15:52.976783Z  INFO bevy_zeroverse::scene::procedural_indoor: procedural_indoor seed=60 version=3 humans=3 layout=OpenOffice room=Vec3(9.1425495, 3.4634066, 8.900076) instances=32 cameras=2
2026-09-24T18:15:53.253101Z  INFO bevy_zeroverse::scene::procedural_indoor: procedural_indoor seed=61 version=3 humans=2 layout=OpenOffice room=Vec3(8.8415165, 3.222917, 10.949521) instances=47 cameras=2
2026-09-24T18:15:53.476020Z  INFO bevy_zeroverse::scene::procedural_indoor: procedural_indoor seed=62 version=3 humans=1 layout=OpenOffice room=Vec3(9.18315, 3.3249273, 9.971827) instances=46 cameras=2
2026-09-24T18:15:53.796110Z  INFO bevy_zeroverse::scene::procedural_indoor: procedural_indoor seed=63 version=3 humans=6 layout=Conference room=Vec3(9.105946, 3.4528892, 8.383632) instances=46 cameras=2
2026-09-24T18:15:54.848313Z  INFO bevy_zeroverse::scene::procedural_indoor: procedural_indoor seed=6 version=3 humans=3 layout=OpenOffice room=Vec3(8.844214, 3.2474034, 9.035895) instances=40 cameras=2
2026-09-24T18:15:55.090838Z  INFO bevy_zeroverse::scene::procedural_indoor: procedural_indoor seed=6 version=3 humans=3 layout=OpenOffice room=Vec3(8.844214, 3.2474034, 9.035895) instances=40 cameras=2

thread 'retired_view_keys_are_evicted_without_changing_captured_pixels' (147208) panicked at tests/render_residency.rs:239:9:
direct/indirect RGB divergence: maximum=0.03564453, mean=0.0000048406973
note: run with `RUST_BACKTRACE=1` environment variable to display a backtrace
FAILED

failures:

failures:
    retired_view_keys_are_evicted_without_changing_captured_pixels

test result: FAILED. 0 passed; 1 failed; 0 ignored; 0 measured; 0 filtered out; finished in 23.11s

