Command: cargo test --test ground_truth_render --no-default-features --features multi_threaded -- --ignored --nocapture

   Compiling bevy_zeroverse v0.17.3 (/media/mosure/hyper1/repos/bevy_zeroverse)
    Finished `test` profile [optimized + debuginfo] target(s) in 1m 15s
warning: the following packages contain code that will be rejected by a future version of Rust: naga v26.0.0, nix v0.30.1, wgpu v26.0.1, wgpu-core v26.0.1, wgpu-hal v26.0.6, winit v0.30.12
note: to see what the problems were, use the option `--future-incompat-report`, or run `cargo report future-incompatibilities --id 1`
     Running tests/ground_truth_render.rs (target/debug/build/bevy_zeroverse/da901c4b0bad3ee2/out/ground_truth_render-da901c4b0bad3ee2)

running 1 test
2026-09-23T18:54:14.549674Z  INFO bevy_render::renderer: AdapterInfo { name: "NVIDIA RTX PRO 6000 Blackwell Workstation Edition", vendor: 4318, device: 11185, device_type: DiscreteGpu, driver: "NVIDIA", driver_info: "610.43.02", backend: Vulkan }
2026-09-23T18:54:15.234693Z  INFO bevy_zeroverse: initializing BevyZeroversePlugin...
2026-09-23T18:54:15.267213Z  INFO bevy_render::batching::gpu_preprocessing: GPU preprocessing is fully supported on this device.
2026-09-23T18:54:15.270522Z  INFO bevy_zeroverse::material: BEVY_ASSET_ROOT: `/tmp/.tmpPTZIcQ`
2026-09-23T18:54:15.270543Z  INFO bevy_zeroverse::material: current working directory: /tmp/.tmpPTZIcQ
2026-09-23T18:54:15.270582Z  INFO bevy_zeroverse::material: found 0 materials
2026-09-23T18:54:15.270518Z  INFO bevy_zeroverse::mesh: BEVY_ASSET_ROOT: `/tmp/.tmpPTZIcQ`
2026-09-23T18:54:15.270818Z  INFO bevy_zeroverse::app: skipping scene initialization.
request 1: 174 f64 ray-triangle references, worldmax=0.000066109m depthmax=0.000057711m reprojectionmax=0.001979px normalmax=0.00018332 flatnormalmax=0.00000015 beyond_f16_depth=174
request 2: 175 f64 ray-triangle references, worldmax=0.000059968m depthmax=0.000034179m reprojectionmax=0.002180px normalmax=0.00018332 flatnormalmax=0.00000018 beyond_f16_depth=175
request 3: 169 f64 ray-triangle references, worldmax=0.000059968m depthmax=0.000012594m reprojectionmax=0.002180px normalmax=0.00000018 flatnormalmax=0.00000018 beyond_f16_depth=169
request 4: empty scene completed; both annotation planes zero; geometry residency zero
test float32_mrt_matches_independent_ray_geometry_and_tracks_changes ... ok

test result: ok. 1 passed; 0 failed; 0 ignored; 0 measured; 0 filtered out; finished in 1.29s

Exit code: 0
