   Compiling bevy_zeroverse v0.17.3 (/media/mosure/hyper1/repos/bevy_zeroverse)
    Finished `test` profile [optimized + debuginfo] target(s) in 57.71s
warning: the following packages contain code that will be rejected by a future version of Rust: naga v26.0.0, nix v0.30.1, wgpu v26.0.1, wgpu-core v26.0.1, wgpu-hal v26.0.6, winit v0.30.12
note: to see what the problems were, use the option `--future-incompat-report`, or run `cargo report future-incompatibilities --id 1`
     Running tests/procedural_indoor_render.rs (target/debug/build/bevy_zeroverse/5d2b3dba11187701/out/procedural_indoor_render-5d2b3dba11187701)

running 1 test
2026-09-23T17:35:17.650140Z  INFO bevy_render::renderer: AdapterInfo { name: "NVIDIA RTX PRO 6000 Blackwell Workstation Edition", vendor: 4318, device: 11185, device_type: DiscreteGpu, driver: "NVIDIA", driver_info: "610.43.02", backend: Vulkan }
2026-09-23T17:35:18.362150Z  INFO bevy_zeroverse: initializing BevyZeroversePlugin...
2026-09-23T17:35:18.396981Z  INFO bevy_render::batching::gpu_preprocessing: GPU preprocessing is fully supported on this device.
2026-09-23T17:35:18.399119Z  INFO bevy_zeroverse::mesh: BEVY_ASSET_ROOT: `/tmp/.tmpXIjIm2`
2026-09-23T17:35:18.399155Z  INFO bevy_zeroverse::material: BEVY_ASSET_ROOT: `/tmp/.tmpXIjIm2`
2026-09-23T17:35:18.399184Z  INFO bevy_zeroverse::material: current working directory: /tmp/.tmpXIjIm2
2026-09-23T17:35:18.399213Z  INFO bevy_zeroverse::material: found 0 materials
2026-09-23T17:35:18.399424Z  INFO bevy_zeroverse::app: skipping scene initialization.
2026-09-23T17:35:18.692997Z  INFO bevy_zeroverse::scene::procedural_indoor: procedural_indoor seed=3 layout=Conference room=Vec3(9.741056, 3.3431041, 7.5089464) instances=46 cameras=2
2026-09-23T17:35:18.715641Z  WARN bevy_pbr::render::mesh_view_bindings: Too many textures in mesh pipeline view layout, this might cause us to hit `wgpu::Limits::max_sampled_textures_per_shader_stage` in some environments.
2026-09-23T17:35:19.855136Z  INFO bevy_zeroverse::scene::procedural_indoor: procedural_indoor seed=4 layout=Training room=Vec3(10.195659, 3.3511937, 7.465307) instances=41 cameras=2
2026-09-23T17:35:20.390769Z  INFO bevy_zeroverse::scene::procedural_indoor: procedural_indoor seed=5 layout=Conference room=Vec3(7.885498, 3.035493, 9.917686) instances=47 cameras=2
2026-09-23T17:35:20.870067Z  INFO bevy_zeroverse::scene::procedural_indoor: procedural_indoor seed=6 layout=OpenOffice room=Vec3(8.844214, 3.2474034, 9.035895) instances=40 cameras=2
2026-09-23T17:35:21.496580Z  INFO bevy_zeroverse::scene::procedural_indoor: procedural_indoor seed=700 layout=Training room=Vec3(10.272351, 3.5628061, 9.592109) instances=50 cameras=2
annotation Semantic regeneration passed
2026-09-23T17:35:21.952981Z  INFO bevy_zeroverse::scene::procedural_indoor: procedural_indoor seed=701 layout=Lounge room=Vec3(10.384935, 3.2782044, 8.174892) instances=27 cameras=2
annotation Normal regeneration passed
2026-09-23T17:35:22.484475Z  INFO bevy_zeroverse::scene::procedural_indoor: procedural_indoor seed=702 layout=Conference room=Vec3(10.153664, 3.329973, 8.6588335) instances=52 cameras=2
annotation Position regeneration passed
2026-09-23T17:35:23.056594Z  INFO bevy_zeroverse::scene::procedural_indoor: procedural_indoor seed=703 layout=OpenOffice room=Vec3(10.20357, 3.2826638, 8.2135315) instances=38 cameras=2
annotation Depth regeneration passed
2026-09-23T17:35:23.377495Z ERROR bevy_asset::server: Path not found: /tmp/.tmpXIjIm2/assets/burn_human/fullbody_default.meta.json
2026-09-23T17:35:23.377529Z  INFO bevy_zeroverse::material: loaded 1 materials
2026-09-23T17:35:23.377533Z  INFO bevy_zeroverse::mesh: loaded total of 0 categories
legacy CornellCube capture passed
legacy Room capture passed
test empty_assets_rotated_odd_size_capture_and_legacy_scene_switches ... ok

test result: ok. 1 passed; 0 failed; 0 ignored; 0 measured; 0 filtered out; finished in 6.53s

