audited 100000 seeds in 24.85s; layouts={"Conference": 24929, "Lounge": 24927, "OpenOffice": 25143, "Training": 25001}; invalid=0
	Command being timed: "target/debug/indoor_validate --audit-seeds 100000 --renders 0 --cameras 3 --output out/indoor_v5_metrics100k"
	User time (seconds): 56.10
	System time (seconds): 0.85
	Percent of CPU this job got: 71%
	Elapsed (wall clock) time (h:mm:ss or m:ss): 1:20.20
	Average shared text size (kbytes): 0
	Average unshared data size (kbytes): 0
	Average stack size (kbytes): 0
	Average total size (kbytes): 0
	Maximum resident set size (kbytes): 52052
	Average resident set size (kbytes): 0
	Major (requiring I/O) page faults: 259
	Minor (reclaiming a frame) page faults: 9640
	Voluntary context switches: 317637
	Involuntary context switches: 594
	Swaps: 0
	File system inputs: 0
	File system outputs: 1362361
	Socket messages sent: 0
	Socket messages received: 0
	Signals delivered: 0
	Page size (bytes): 4096
	Exit status: 0
