
running 1 test
test empty_assets_rotated_odd_size_capture_and_legacy_scene_switches ... 2026-09-24T02:39:44.024450Z  INFO bevy_render::renderer: AdapterInfo { name: "NVIDIA RTX PRO 6000 Blackwell Workstation Edition", vendor: 4318, device: 11185, device_type: DiscreteGpu, device_pci_bus_id: "0000:01:00.0", driver: "NVIDIA", driver_info: "610.43.02", backend: Vulkan, subgroup_min_size: 32, subgroup_max_size: 32, transient_saves_memory: false }
2026-09-24T02:39:44.866680Z  INFO bevy_zeroverse: initializing BevyZeroversePlugin...
2026-09-24T02:39:44.878505Z  INFO bevy_pbr::cluster: GPU clustering is supported on this device.
2026-09-24T02:39:44.878535Z  INFO bevy_render::batching::gpu_preprocessing: GPU preprocessing is fully supported on this device.
2026-09-24T02:39:44.879106Z  INFO bevy_zeroverse::mesh: BEVY_ASSET_ROOT: `/tmp/.tmpr9HQ7N`
2026-09-24T02:39:44.879169Z  INFO bevy_zeroverse::material: BEVY_ASSET_ROOT: `/tmp/.tmpr9HQ7N`
2026-09-24T02:39:44.879175Z  INFO bevy_zeroverse::material: current working directory: /tmp/.tmpr9HQ7N
2026-09-24T02:39:44.879194Z  INFO bevy_zeroverse::material: found 0 materials
2026-09-24T02:39:44.879392Z  INFO bevy_zeroverse::app: skipping scene initialization.
2026-09-24T02:39:45.882175Z  INFO bevy_zeroverse::scene::procedural_indoor: indoor diffuse GI GPU: 780 probes, 217524 triangles, 83.9 ms preparation, 37440 bytes
2026-09-24T02:39:46.091271Z  INFO bevy_zeroverse::scene::procedural_indoor: procedural_indoor seed=3 version=3 humans=5 layout=Conference room=Vec3(9.741056, 3.3431041, 7.5089464) instances=46 cameras=2
2026-09-24T02:39:51.064338Z  INFO bevy_zeroverse::scene::procedural_indoor: indoor diffuse GI GPU: 845 probes, 98420 triangles, 104.3 ms preparation, 40560 bytes
2026-09-24T02:39:51.155511Z  INFO bevy_zeroverse::scene::procedural_indoor: procedural_indoor seed=4 version=3 humans=0 layout=Training room=Vec3(10.195659, 3.3511937, 7.465307) instances=41 cameras=2
2026-09-24T02:39:51.637686Z  INFO bevy_zeroverse::scene::procedural_indoor: indoor diffuse GI GPU: 640 probes, 171096 triangles, 63.7 ms preparation, 30720 bytes
2026-09-24T02:39:51.797244Z  INFO bevy_zeroverse::scene::procedural_indoor: procedural_indoor seed=5 version=3 humans=4 layout=Conference room=Vec3(7.885498, 3.035493, 9.917686) instances=47 cameras=2
2026-09-24T02:39:52.366594Z  INFO bevy_zeroverse::scene::procedural_indoor: indoor diffuse GI GPU: 825 probes, 120464 triangles, 45.8 ms preparation, 39600 bytes
2026-09-24T02:39:52.488297Z  INFO bevy_zeroverse::scene::procedural_indoor: procedural_indoor seed=6 version=3 humans=3 layout=OpenOffice room=Vec3(8.844214, 3.2474034, 9.035895) instances=40 cameras=2
2026-09-24T02:39:52.989511Z  INFO bevy_zeroverse::scene::procedural_indoor: indoor diffuse GI GPU: 1040 probes, 228912 triangles, 89.3 ms preparation, 49920 bytes
2026-09-24T02:39:53.199912Z  INFO bevy_zeroverse::scene::procedural_indoor: procedural_indoor seed=700 version=3 humans=7 layout=Training room=Vec3(10.272351, 3.5628061, 9.592109) instances=50 cameras=2
annotation Semantic regeneration passed
2026-09-24T02:39:55.164613Z  INFO bevy_zeroverse::scene::procedural_indoor: indoor diffuse GI GPU: 910 probes, 60496 triangles, 27.8 ms preparation, 43680 bytes
2026-09-24T02:39:55.221792Z  INFO bevy_zeroverse::scene::procedural_indoor: procedural_indoor seed=701 version=3 humans=0 layout=Lounge room=Vec3(10.384935, 3.2782044, 8.174892) instances=27 cameras=2
annotation Normal regeneration passed
2026-09-24T02:39:59.821449Z  INFO bevy_zeroverse::scene::procedural_indoor: indoor diffuse GI GPU: 975 probes, 173060 triangles, 70.8 ms preparation, 46800 bytes
2026-09-24T02:39:59.978323Z  INFO bevy_zeroverse::scene::procedural_indoor: procedural_indoor seed=702 version=3 humans=3 layout=Conference room=Vec3(10.153664, 3.329973, 8.6588335) instances=52 cameras=2
annotation Position regeneration passed
2026-09-24T02:40:06.381727Z  INFO bevy_zeroverse::scene::procedural_indoor: indoor diffuse GI GPU: 910 probes, 107944 triangles, 41.9 ms preparation, 43680 bytes
2026-09-24T02:40:06.478783Z  INFO bevy_zeroverse::scene::procedural_indoor: procedural_indoor seed=703 version=3 humans=2 layout=OpenOffice room=Vec3(10.20357, 3.2826638, 8.2135315) instances=38 cameras=2
annotation Depth regeneration passed
2026-09-24T02:40:11.606178Z ERROR bevy_asset::server: Path not found: /tmp/.tmpr9HQ7N/assets/burn_human/fullbody_default.meta.json
2026-09-24T02:40:11.606330Z  INFO bevy_zeroverse::mesh: loaded total of 0 categories
2026-09-24T02:40:11.606335Z  INFO bevy_zeroverse::material: loaded 1 materials
legacy CornellCube capture passed
legacy Room capture passed
ok

test result: ok. 1 passed; 0 failed; 0 ignored; 0 measured; 0 filtered out; finished in 31.21s

