    Finished `test` profile [optimized + debuginfo] target(s) in 5.61s
warning: the following packages contain code that will be rejected by a future version of Rust: naga v26.0.0, nix v0.30.1, wgpu v26.0.1, wgpu-core v26.0.1, wgpu-hal v26.0.6, winit v0.30.12
note: to see what the problems were, use the option `--future-incompat-report`, or run `cargo report future-incompatibilities --id 1`
     Running tests/render_residency.rs (target/debug/build/bevy_zeroverse/a59f1f09ee4662ed/out/render_residency-a59f1f09ee4662ed)

running 1 test
2026-09-23T19:32:51.136324Z  INFO bevy_render::renderer: AdapterInfo { name: "NVIDIA RTX PRO 6000 Blackwell Workstation Edition", vendor: 4318, device: 11185, device_type: DiscreteGpu, driver: "NVIDIA", driver_info: "610.43.02", backend: Vulkan }
2026-09-23T19:32:51.963730Z  INFO bevy_zeroverse: initializing BevyZeroversePlugin...
2026-09-23T19:32:51.995847Z  INFO bevy_render::batching::gpu_preprocessing: GPU preprocessing is fully supported on this device.
2026-09-23T19:32:51.997750Z  INFO bevy_zeroverse::mesh: BEVY_ASSET_ROOT: `/tmp/.tmpz7pjlX`
2026-09-23T19:32:51.997805Z  INFO bevy_zeroverse::material: BEVY_ASSET_ROOT: `/tmp/.tmpz7pjlX`
2026-09-23T19:32:51.997808Z  INFO bevy_zeroverse::material: current working directory: /tmp/.tmpz7pjlX
2026-09-23T19:32:51.997826Z  INFO bevy_zeroverse::material: found 0 materials
2026-09-23T19:32:51.998045Z  INFO bevy_zeroverse::app: skipping scene initialization.
2026-09-23T19:32:52.188706Z  INFO bevy_zeroverse::scene::procedural_indoor: procedural_indoor seed=6 version=3 humans=3 layout=OpenOffice room=Vec3(8.844214, 3.2474034, 9.035895) instances=40 cameras=2
2026-09-23T19:32:52.209063Z  WARN bevy_pbr::render::mesh_view_bindings: Too many textures in mesh pipeline view layout, this might cause us to hit `wgpu::Limits::max_sampled_textures_per_shader_stage` in some environments.
2026-09-23T19:32:52.556443Z  INFO bevy_zeroverse::scene::procedural_indoor: procedural_indoor seed=0 version=3 humans=1 layout=Lounge room=Vec3(10.119931, 3.4203894, 8.970502) instances=30 cameras=2
2026-09-23T19:32:52.707042Z  INFO bevy_zeroverse::scene::procedural_indoor: procedural_indoor seed=1 version=3 humans=0 layout=Lounge room=Vec3(8.770937, 3.6369076, 7.505458) instances=30 cameras=2
2026-09-23T19:32:52.955943Z  INFO bevy_zeroverse::scene::procedural_indoor: procedural_indoor seed=2 version=3 humans=3 layout=Conference room=Vec3(10.877898, 3.2439413, 9.284038) instances=49 cameras=2
2026-09-23T19:32:53.241685Z  INFO bevy_zeroverse::scene::procedural_indoor: procedural_indoor seed=3 version=3 humans=5 layout=Conference room=Vec3(9.741056, 3.3431041, 7.5089464) instances=46 cameras=2
2026-09-23T19:32:53.422994Z  INFO bevy_zeroverse::scene::procedural_indoor: procedural_indoor seed=4 version=3 humans=0 layout=Training room=Vec3(10.195659, 3.3511937, 7.465307) instances=41 cameras=2
2026-09-23T19:32:53.674660Z  INFO bevy_zeroverse::scene::procedural_indoor: procedural_indoor seed=5 version=3 humans=4 layout=Conference room=Vec3(7.885498, 3.035493, 9.917686) instances=47 cameras=2
2026-09-23T19:32:53.875885Z  INFO bevy_zeroverse::scene::procedural_indoor: procedural_indoor seed=6 version=3 humans=3 layout=OpenOffice room=Vec3(8.844214, 3.2474034, 9.035895) instances=40 cameras=2
2026-09-23T19:32:54.127752Z  INFO bevy_zeroverse::scene::procedural_indoor: procedural_indoor seed=7 version=3 humans=4 layout=Conference room=Vec3(7.6943026, 2.9547467, 7.838359) instances=46 cameras=2
2026-09-23T19:32:54.317831Z  INFO bevy_zeroverse::scene::procedural_indoor: procedural_indoor seed=8 version=3 humans=2 layout=OpenOffice room=Vec3(7.318502, 2.9024034, 10.0071535) instances=42 cameras=2
2026-09-23T19:32:54.490982Z  INFO bevy_zeroverse::scene::procedural_indoor: procedural_indoor seed=9 version=3 humans=1 layout=Lounge room=Vec3(7.50214, 3.6092021, 10.171633) instances=29 cameras=2
2026-09-23T19:32:54.648191Z  INFO bevy_zeroverse::scene::procedural_indoor: procedural_indoor seed=10 version=3 humans=1 layout=OpenOffice room=Vec3(9.46343, 2.9848878, 7.2320375) instances=35 cameras=2
2026-09-23T19:32:54.789693Z  INFO bevy_zeroverse::scene::procedural_indoor: procedural_indoor seed=11 version=3 humans=0 layout=OpenOffice room=Vec3(8.569317, 3.6068974, 7.5433474) instances=35 cameras=2
2026-09-23T19:32:54.992340Z  INFO bevy_zeroverse::scene::procedural_indoor: procedural_indoor seed=12 version=3 humans=0 layout=Conference room=Vec3(7.0053306, 3.6433396, 10.1476755) instances=51 cameras=2
2026-09-23T19:32:55.195889Z  INFO bevy_zeroverse::scene::procedural_indoor: procedural_indoor seed=13 version=3 humans=1 layout=Conference room=Vec3(8.486969, 3.3958898, 7.499921) instances=43 cameras=2
2026-09-23T19:32:55.454951Z  INFO bevy_zeroverse::scene::procedural_indoor: procedural_indoor seed=14 version=3 humans=4 layout=Training room=Vec3(10.02398, 3.0398867, 8.66677) instances=39 cameras=2
2026-09-23T19:32:55.638577Z  INFO bevy_zeroverse::scene::procedural_indoor: procedural_indoor seed=15 version=3 humans=2 layout=Lounge room=Vec3(10.491941, 2.861989, 7.521929) instances=29 cameras=2
2026-09-23T19:32:55.867528Z  INFO bevy_zeroverse::scene::procedural_indoor: procedural_indoor seed=16 version=3 humans=3 layout=Training room=Vec3(7.6256223, 3.298007, 9.795277) instances=48 cameras=2
2026-09-23T19:32:56.076683Z  INFO bevy_zeroverse::scene::procedural_indoor: procedural_indoor seed=17 version=3 humans=2 layout=Training room=Vec3(10.100905, 2.9901884, 9.666424) instances=49 cameras=2
2026-09-23T19:32:56.353558Z  INFO bevy_zeroverse::scene::procedural_indoor: procedural_indoor seed=18 version=3 humans=5 layout=Conference room=Vec3(7.560452, 3.4044206, 8.225169) instances=50 cameras=2
2026-09-23T19:32:56.628721Z  INFO bevy_zeroverse::scene::procedural_indoor: procedural_indoor seed=19 version=3 humans=5 layout=Conference room=Vec3(9.054547, 3.5343769, 8.660234) instances=48 cameras=2
2026-09-23T19:32:56.897910Z  INFO bevy_zeroverse::scene::procedural_indoor: procedural_indoor seed=20 version=3 humans=5 layout=Training room=Vec3(10.686194, 3.4848652, 9.2073965) instances=49 cameras=2
2026-09-23T19:32:57.087326Z  INFO bevy_zeroverse::scene::procedural_indoor: procedural_indoor seed=21 version=3 humans=1 layout=OpenOffice room=Vec3(9.058482, 3.6139226, 9.549727) instances=43 cameras=2
2026-09-23T19:32:57.325216Z  INFO bevy_zeroverse::scene::procedural_indoor: procedural_indoor seed=22 version=3 humans=4 layout=Training room=Vec3(10.176779, 3.2622, 7.8190126) instances=38 cameras=2
2026-09-23T19:32:57.599439Z  INFO bevy_zeroverse::scene::procedural_indoor: procedural_indoor seed=23 version=3 humans=5 layout=Conference room=Vec3(9.381929, 2.9762738, 8.136571) instances=46 cameras=2
2026-09-23T19:32:57.838244Z  INFO bevy_zeroverse::scene::procedural_indoor: procedural_indoor seed=24 version=3 humans=5 layout=OpenOffice room=Vec3(11.041795, 2.8596525, 9.746347) instances=46 cameras=2
2026-09-23T19:32:58.024910Z  INFO bevy_zeroverse::scene::procedural_indoor: procedural_indoor seed=25 version=3 humans=2 layout=OpenOffice room=Vec3(7.761205, 2.8195088, 9.123901) instances=42 cameras=2
2026-09-23T19:32:58.283746Z  INFO bevy_zeroverse::scene::procedural_indoor: procedural_indoor seed=26 version=3 humans=5 layout=Training room=Vec3(9.708535, 3.571228, 9.58527) instances=50 cameras=2
2026-09-23T19:32:58.575246Z  INFO bevy_zeroverse::scene::procedural_indoor: procedural_indoor seed=27 version=3 humans=5 layout=Conference room=Vec3(9.899258, 2.839034, 9.081989) instances=51 cameras=2
2026-09-23T19:32:58.835329Z  INFO bevy_zeroverse::scene::procedural_indoor: procedural_indoor seed=28 version=3 humans=4 layout=Training room=Vec3(10.601601, 3.5677466, 10.761026) instances=53 cameras=2
2026-09-23T19:32:59.060515Z  INFO bevy_zeroverse::scene::procedural_indoor: procedural_indoor seed=29 version=3 humans=2 layout=Lounge room=Vec3(8.879862, 3.54907, 7.547785) instances=30 cameras=2
2026-09-23T19:32:59.268091Z  INFO bevy_zeroverse::scene::procedural_indoor: procedural_indoor seed=30 version=3 humans=2 layout=OpenOffice room=Vec3(9.433811, 2.9586082, 7.7769074) instances=33 cameras=2
2026-09-23T19:32:59.465558Z  INFO bevy_zeroverse::scene::procedural_indoor: procedural_indoor seed=31 version=3 humans=3 layout=OpenOffice room=Vec3(11.029909, 3.5969439, 10.094923) instances=45 cameras=2
2026-09-23T19:32:59.613465Z  INFO bevy_zeroverse::scene::procedural_indoor: procedural_indoor seed=32 version=3 humans=0 layout=OpenOffice room=Vec3(9.943509, 2.9989579, 7.3279905) instances=36 cameras=2
2026-09-23T19:32:59.844619Z  INFO bevy_zeroverse::scene::procedural_indoor: procedural_indoor seed=33 version=3 humans=4 layout=Training room=Vec3(8.175475, 2.9605906, 10.052823) instances=50 cameras=2
2026-09-23T19:33:00.037723Z  INFO bevy_zeroverse::scene::procedural_indoor: procedural_indoor seed=34 version=3 humans=1 layout=Training room=Vec3(9.932082, 3.1449282, 7.2288694) instances=39 cameras=2
2026-09-23T19:33:00.248872Z  INFO bevy_zeroverse::scene::procedural_indoor: procedural_indoor seed=35 version=3 humans=4 layout=Training room=Vec3(11.305006, 3.2295125, 8.339919) instances=38 cameras=2
2026-09-23T19:33:00.415734Z  INFO bevy_zeroverse::scene::procedural_indoor: procedural_indoor seed=36 version=3 humans=2 layout=Lounge room=Vec3(7.162575, 3.3686903, 9.595118) instances=27 cameras=2
2026-09-23T19:33:00.582257Z  INFO bevy_zeroverse::scene::procedural_indoor: procedural_indoor seed=37 version=3 humans=2 layout=Lounge room=Vec3(10.192024, 2.9807212, 9.412664) instances=28 cameras=2
2026-09-23T19:33:00.822132Z  INFO bevy_zeroverse::scene::procedural_indoor: procedural_indoor seed=38 version=3 humans=2 layout=Conference room=Vec3(9.171095, 3.5434036, 10.821186) instances=56 cameras=2
2026-09-23T19:33:01.083861Z  INFO bevy_zeroverse::scene::procedural_indoor: procedural_indoor seed=39 version=3 humans=4 layout=Training room=Vec3(11.224785, 3.5772877, 9.883616) instances=51 cameras=2
2026-09-23T19:33:01.264483Z  INFO bevy_zeroverse::scene::procedural_indoor: procedural_indoor seed=40 version=3 humans=0 layout=OpenOffice room=Vec3(8.74568, 3.349382, 8.246111) instances=35 cameras=2
2026-09-23T19:33:01.451577Z  INFO bevy_zeroverse::scene::procedural_indoor: procedural_indoor seed=41 version=3 humans=2 layout=OpenOffice room=Vec3(9.530834, 3.1589582, 7.236823) instances=34 cameras=2
2026-09-23T19:33:01.844401Z  INFO bevy_zeroverse::scene::procedural_indoor: procedural_indoor seed=42 version=3 humans=9 layout=Conference room=Vec3(10.000342, 2.9244282, 10.811047) instances=61 cameras=2
2026-09-23T19:33:02.030444Z  INFO bevy_zeroverse::scene::procedural_indoor: procedural_indoor seed=43 version=3 humans=2 layout=OpenOffice room=Vec3(7.351426, 3.1029255, 9.660557) instances=42 cameras=2
2026-09-23T19:33:02.196655Z  INFO bevy_zeroverse::scene::procedural_indoor: procedural_indoor seed=44 version=3 humans=1 layout=Lounge room=Vec3(11.27767, 3.352808, 9.8162155) instances=30 cameras=2
2026-09-23T19:33:02.438549Z  INFO bevy_zeroverse::scene::procedural_indoor: procedural_indoor seed=45 version=3 humans=3 layout=Conference room=Vec3(9.152594, 3.2603555, 9.250935) instances=52 cameras=2
2026-09-23T19:33:02.628526Z  INFO bevy_zeroverse::scene::procedural_indoor: procedural_indoor seed=46 version=3 humans=3 layout=OpenOffice room=Vec3(10.227131, 3.3318574, 7.311283) instances=35 cameras=2
2026-09-23T19:33:02.893664Z  INFO bevy_zeroverse::scene::procedural_indoor: procedural_indoor seed=47 version=3 humans=5 layout=Training room=Vec3(9.470444, 2.8339827, 9.059871) instances=51 cameras=2
2026-09-23T19:33:03.085461Z  INFO bevy_zeroverse::scene::procedural_indoor: procedural_indoor seed=48 version=3 humans=3 layout=OpenOffice room=Vec3(8.583058, 3.0600057, 7.89671) instances=35 cameras=2
2026-09-23T19:33:03.325617Z  INFO bevy_zeroverse::scene::procedural_indoor: procedural_indoor seed=49 version=3 humans=2 layout=Conference room=Vec3(9.320328, 2.9700181, 10.787579) instances=54 cameras=2
2026-09-23T19:33:03.490475Z  INFO bevy_zeroverse::scene::procedural_indoor: procedural_indoor seed=50 version=3 humans=1 layout=OpenOffice room=Vec3(8.428901, 3.0318613, 8.339169) instances=33 cameras=2
2026-09-23T19:33:03.811776Z  INFO bevy_zeroverse::scene::procedural_indoor: procedural_indoor seed=51 version=3 humans=6 layout=Conference room=Vec3(10.497404, 2.8726852, 9.534834) instances=55 cameras=2
2026-09-23T19:33:04.035162Z  INFO bevy_zeroverse::scene::procedural_indoor: procedural_indoor seed=52 version=3 humans=2 layout=Training room=Vec3(9.197319, 3.4656227, 9.4377575) instances=50 cameras=2
2026-09-23T19:33:04.284009Z  INFO bevy_zeroverse::scene::procedural_indoor: procedural_indoor seed=53 version=3 humans=4 layout=Training room=Vec3(9.135757, 3.6349456, 8.064757) instances=41 cameras=2
2026-09-23T19:33:04.522262Z  INFO bevy_zeroverse::scene::procedural_indoor: procedural_indoor seed=54 version=3 humans=4 layout=Training room=Vec3(10.815225, 3.5779648, 8.588039) instances=39 cameras=2
2026-09-23T19:33:04.689660Z  INFO bevy_zeroverse::scene::procedural_indoor: procedural_indoor seed=55 version=3 humans=2 layout=Lounge room=Vec3(9.488959, 3.5015545, 7.3385434) instances=26 cameras=2
2026-09-23T19:33:04.886381Z  INFO bevy_zeroverse::scene::procedural_indoor: procedural_indoor seed=56 version=3 humans=3 layout=OpenOffice room=Vec3(8.993713, 3.3316808, 10.409227) instances=44 cameras=2
2026-09-23T19:33:05.117191Z  INFO bevy_zeroverse::scene::procedural_indoor: procedural_indoor seed=57 version=3 humans=3 layout=Conference room=Vec3(11.1280575, 2.9310124, 8.113618) instances=44 cameras=2
2026-09-23T19:33:05.253781Z  INFO bevy_zeroverse::scene::procedural_indoor: procedural_indoor seed=58 version=3 humans=0 layout=Lounge room=Vec3(10.525337, 3.6390638, 8.099745) instances=27 cameras=2
2026-09-23T19:33:05.443953Z  INFO bevy_zeroverse::scene::procedural_indoor: procedural_indoor seed=59 version=3 humans=3 layout=OpenOffice room=Vec3(9.511583, 3.383254, 7.6357455) instances=33 cameras=2
2026-09-23T19:33:05.678538Z  INFO bevy_zeroverse::scene::procedural_indoor: procedural_indoor seed=60 version=3 humans=3 layout=OpenOffice room=Vec3(9.1425495, 3.4634066, 8.900076) instances=32 cameras=2
2026-09-23T19:33:05.885085Z  INFO bevy_zeroverse::scene::procedural_indoor: procedural_indoor seed=61 version=3 humans=2 layout=OpenOffice room=Vec3(8.8415165, 3.222917, 10.949521) instances=47 cameras=2
2026-09-23T19:33:06.059481Z  INFO bevy_zeroverse::scene::procedural_indoor: procedural_indoor seed=62 version=3 humans=1 layout=OpenOffice room=Vec3(9.18315, 3.3249273, 9.971827) instances=46 cameras=2
2026-09-23T19:33:06.333103Z  INFO bevy_zeroverse::scene::procedural_indoor: procedural_indoor seed=63 version=3 humans=6 layout=Conference room=Vec3(9.105946, 3.4528892, 8.383632) instances=46 cameras=2
2026-09-23T19:33:06.887893Z  INFO bevy_zeroverse::scene::procedural_indoor: procedural_indoor seed=6 version=3 humans=3 layout=OpenOffice room=Vec3(8.844214, 3.2474034, 9.035895) instances=40 cameras=2
64 regenerated scenes and 8 fixed-scene captures passed; RGB plus all four labels bit-exact across cleanup toggle/replay; all seven caches evicted obsolete keys and remained bounded
test retired_view_and_mesh_keys_are_evicted_without_changing_captured_pixels ... ok

test result: ok. 1 passed; 0 failed; 0 ignored; 0 measured; 0 filtered out; finished in 16.10s
