
running 1 test
test retired_view_keys_are_evicted_without_changing_captured_pixels ... 2026-09-24T18:17:58.102771Z  INFO bevy_render::renderer: AdapterInfo { name: "NVIDIA RTX PRO 6000 Blackwell Workstation Edition", vendor: 4318, device: 11185, device_type: DiscreteGpu, device_pci_bus_id: "0000:01:00.0", driver: "NVIDIA", driver_info: "610.43.02", backend: Vulkan, subgroup_min_size: 32, subgroup_max_size: 32, transient_saves_memory: false }
2026-09-24T18:17:58.866270Z  INFO bevy_zeroverse: initializing BevyZeroversePlugin...
2026-09-24T18:17:58.877661Z  INFO bevy_pbr::cluster: GPU clustering is supported on this device.
2026-09-24T18:17:58.877679Z  INFO bevy_render::batching::gpu_preprocessing: GPU preprocessing is fully supported on this device.
2026-09-24T18:17:58.878609Z  INFO bevy_zeroverse::app: skipping scene initialization.
2026-09-24T18:17:59.144327Z  INFO bevy_zeroverse::scene::procedural_indoor: procedural_indoor seed=6 version=3 humans=3 layout=OpenOffice room=Vec3(8.844214, 3.2474034, 9.035895) instances=40 cameras=2
Same-state RGB and labels are bit-exact before enabling cleanup
2026-09-24T18:17:59.745080Z  INFO bevy_zeroverse::scene::procedural_indoor: procedural_indoor seed=0 version=3 humans=1 layout=Lounge room=Vec3(10.119931, 3.4203894, 8.970502) instances=30 cameras=2
2026-09-24T18:17:59.936596Z  INFO bevy_zeroverse::scene::procedural_indoor: procedural_indoor seed=1 version=3 humans=0 layout=Lounge room=Vec3(8.770937, 3.6369076, 7.505458) instances=30 cameras=2
2026-09-24T18:18:00.234967Z  INFO bevy_zeroverse::scene::procedural_indoor: procedural_indoor seed=2 version=3 humans=3 layout=Conference room=Vec3(10.877898, 3.2439413, 9.284038) instances=49 cameras=2
2026-09-24T18:18:00.572114Z  INFO bevy_zeroverse::scene::procedural_indoor: procedural_indoor seed=3 version=3 humans=5 layout=Conference room=Vec3(9.741056, 3.3431041, 7.5089464) instances=46 cameras=2
2026-09-24T18:18:00.841674Z  INFO bevy_zeroverse::scene::procedural_indoor: procedural_indoor seed=4 version=3 humans=0 layout=Training room=Vec3(10.195659, 3.3511937, 7.465307) instances=41 cameras=2
2026-09-24T18:18:01.120113Z  INFO bevy_zeroverse::scene::procedural_indoor: procedural_indoor seed=5 version=3 humans=4 layout=Conference room=Vec3(7.885498, 3.035493, 9.917686) instances=47 cameras=2
2026-09-24T18:18:01.364646Z  INFO bevy_zeroverse::scene::procedural_indoor: procedural_indoor seed=6 version=3 humans=3 layout=OpenOffice room=Vec3(8.844214, 3.2474034, 9.035895) instances=40 cameras=2
2026-09-24T18:18:01.655581Z  INFO bevy_zeroverse::scene::procedural_indoor: procedural_indoor seed=7 version=3 humans=4 layout=Conference room=Vec3(7.6943026, 2.9547467, 7.838359) instances=46 cameras=2
2026-09-24T18:18:01.933687Z  INFO bevy_zeroverse::scene::procedural_indoor: procedural_indoor seed=8 version=3 humans=2 layout=OpenOffice room=Vec3(7.318502, 2.9024034, 10.0071535) instances=42 cameras=2
2026-09-24T18:18:02.169470Z  INFO bevy_zeroverse::scene::procedural_indoor: procedural_indoor seed=9 version=3 humans=1 layout=Lounge room=Vec3(7.50214, 3.6092021, 10.171633) instances=29 cameras=2
2026-09-24T18:18:02.399920Z  INFO bevy_zeroverse::scene::procedural_indoor: procedural_indoor seed=10 version=3 humans=1 layout=OpenOffice room=Vec3(9.46343, 2.9848878, 7.2320375) instances=35 cameras=2
2026-09-24T18:18:02.596929Z  INFO bevy_zeroverse::scene::procedural_indoor: procedural_indoor seed=11 version=3 humans=0 layout=OpenOffice room=Vec3(8.569317, 3.6068974, 7.5433474) instances=35 cameras=2
2026-09-24T18:18:02.851788Z  INFO bevy_zeroverse::scene::procedural_indoor: procedural_indoor seed=12 version=3 humans=0 layout=Conference room=Vec3(7.0053306, 3.6433396, 10.1476755) instances=51 cameras=2
2026-09-24T18:18:03.105405Z  INFO bevy_zeroverse::scene::procedural_indoor: procedural_indoor seed=13 version=3 humans=1 layout=Conference room=Vec3(8.486969, 3.3958898, 7.499921) instances=43 cameras=2
2026-09-24T18:18:03.391644Z  INFO bevy_zeroverse::scene::procedural_indoor: procedural_indoor seed=14 version=3 humans=4 layout=Training room=Vec3(10.02398, 3.0398867, 8.66677) instances=39 cameras=2
2026-09-24T18:18:03.656279Z  INFO bevy_zeroverse::scene::procedural_indoor: procedural_indoor seed=15 version=3 humans=2 layout=Lounge room=Vec3(10.491941, 2.861989, 7.521929) instances=29 cameras=2
2026-09-24T18:18:03.928577Z  INFO bevy_zeroverse::scene::procedural_indoor: procedural_indoor seed=16 version=3 humans=3 layout=Training room=Vec3(7.6256223, 3.298007, 9.795277) instances=48 cameras=2
2026-09-24T18:18:04.208221Z  INFO bevy_zeroverse::scene::procedural_indoor: procedural_indoor seed=17 version=3 humans=2 layout=Training room=Vec3(10.100905, 2.9901884, 9.666424) instances=49 cameras=2
2026-09-24T18:18:04.538786Z  INFO bevy_zeroverse::scene::procedural_indoor: procedural_indoor seed=18 version=3 humans=5 layout=Conference room=Vec3(7.560452, 3.4044206, 8.225169) instances=50 cameras=2
2026-09-24T18:18:04.897201Z  INFO bevy_zeroverse::scene::procedural_indoor: procedural_indoor seed=19 version=3 humans=5 layout=Conference room=Vec3(9.054547, 3.5343769, 8.660234) instances=48 cameras=2
2026-09-24T18:18:05.218963Z  INFO bevy_zeroverse::scene::procedural_indoor: procedural_indoor seed=20 version=3 humans=5 layout=Training room=Vec3(10.686194, 3.4848652, 9.2073965) instances=49 cameras=2
2026-09-24T18:18:05.466158Z  INFO bevy_zeroverse::scene::procedural_indoor: procedural_indoor seed=21 version=3 humans=1 layout=OpenOffice room=Vec3(9.058482, 3.6139226, 9.549727) instances=43 cameras=2
2026-09-24T18:18:05.741053Z  INFO bevy_zeroverse::scene::procedural_indoor: procedural_indoor seed=22 version=3 humans=4 layout=Training room=Vec3(10.176779, 3.2622, 7.8190126) instances=38 cameras=2
2026-09-24T18:18:06.097025Z  INFO bevy_zeroverse::scene::procedural_indoor: procedural_indoor seed=23 version=3 humans=5 layout=Conference room=Vec3(9.381929, 2.9762738, 8.136571) instances=46 cameras=2
2026-09-24T18:18:06.387788Z  INFO bevy_zeroverse::scene::procedural_indoor: procedural_indoor seed=24 version=3 humans=5 layout=OpenOffice room=Vec3(11.041795, 2.8596525, 9.746347) instances=46 cameras=2
2026-09-24T18:18:06.652012Z  INFO bevy_zeroverse::scene::procedural_indoor: procedural_indoor seed=25 version=3 humans=2 layout=OpenOffice room=Vec3(7.761205, 2.8195088, 9.123901) instances=42 cameras=2
2026-09-24T18:18:06.957479Z  INFO bevy_zeroverse::scene::procedural_indoor: procedural_indoor seed=26 version=3 humans=5 layout=Training room=Vec3(9.708535, 3.571228, 9.58527) instances=50 cameras=2
2026-09-24T18:18:07.334609Z  INFO bevy_zeroverse::scene::procedural_indoor: procedural_indoor seed=27 version=3 humans=5 layout=Conference room=Vec3(9.899258, 2.839034, 9.081989) instances=51 cameras=2
2026-09-24T18:18:07.699822Z  INFO bevy_zeroverse::scene::procedural_indoor: procedural_indoor seed=28 version=3 humans=4 layout=Training room=Vec3(10.601601, 3.5677466, 10.761026) instances=53 cameras=2
2026-09-24T18:18:07.934693Z  INFO bevy_zeroverse::scene::procedural_indoor: procedural_indoor seed=29 version=3 humans=2 layout=Lounge room=Vec3(8.879862, 3.54907, 7.547785) instances=30 cameras=2
2026-09-24T18:18:08.164231Z  INFO bevy_zeroverse::scene::procedural_indoor: procedural_indoor seed=30 version=3 humans=2 layout=OpenOffice room=Vec3(9.433811, 2.9586082, 7.7769074) instances=33 cameras=2
2026-09-24T18:18:08.412099Z  INFO bevy_zeroverse::scene::procedural_indoor: procedural_indoor seed=31 version=3 humans=3 layout=OpenOffice room=Vec3(11.029909, 3.5969439, 10.094923) instances=45 cameras=2
2026-09-24T18:18:08.606051Z  INFO bevy_zeroverse::scene::procedural_indoor: procedural_indoor seed=32 version=3 humans=0 layout=OpenOffice room=Vec3(9.943509, 2.9989579, 7.3279905) instances=36 cameras=2
2026-09-24T18:18:08.881192Z  INFO bevy_zeroverse::scene::procedural_indoor: procedural_indoor seed=33 version=3 humans=4 layout=Training room=Vec3(8.175475, 2.9605906, 10.052823) instances=50 cameras=2
2026-09-24T18:18:09.112779Z  INFO bevy_zeroverse::scene::procedural_indoor: procedural_indoor seed=34 version=3 humans=1 layout=Training room=Vec3(9.932082, 3.1449282, 7.2288694) instances=39 cameras=2
2026-09-24T18:18:09.382650Z  INFO bevy_zeroverse::scene::procedural_indoor: procedural_indoor seed=35 version=3 humans=4 layout=Training room=Vec3(11.305006, 3.2295125, 8.339919) instances=38 cameras=2
2026-09-24T18:18:09.643093Z  INFO bevy_zeroverse::scene::procedural_indoor: procedural_indoor seed=36 version=3 humans=2 layout=Lounge room=Vec3(7.162575, 3.3686903, 9.595118) instances=27 cameras=2
2026-09-24T18:18:09.865397Z  INFO bevy_zeroverse::scene::procedural_indoor: procedural_indoor seed=37 version=3 humans=2 layout=Lounge room=Vec3(10.192024, 2.9807212, 9.412664) instances=28 cameras=2
2026-09-24T18:18:10.157698Z  INFO bevy_zeroverse::scene::procedural_indoor: procedural_indoor seed=38 version=3 humans=2 layout=Conference room=Vec3(9.171095, 3.5434036, 10.821186) instances=56 cameras=2
2026-09-24T18:18:10.503692Z  INFO bevy_zeroverse::scene::procedural_indoor: procedural_indoor seed=39 version=3 humans=4 layout=Training room=Vec3(11.224785, 3.5772877, 9.883616) instances=51 cameras=2
2026-09-24T18:18:10.737140Z  INFO bevy_zeroverse::scene::procedural_indoor: procedural_indoor seed=40 version=3 humans=0 layout=OpenOffice room=Vec3(8.74568, 3.349382, 8.246111) instances=35 cameras=2
2026-09-24T18:18:10.962672Z  INFO bevy_zeroverse::scene::procedural_indoor: procedural_indoor seed=41 version=3 humans=2 layout=OpenOffice room=Vec3(9.530834, 3.1589582, 7.236823) instances=34 cameras=2
2026-09-24T18:18:11.374671Z  INFO bevy_zeroverse::scene::procedural_indoor: procedural_indoor seed=42 version=3 humans=9 layout=Conference room=Vec3(10.000342, 2.9244282, 10.811047) instances=61 cameras=2
2026-09-24T18:18:11.665908Z  INFO bevy_zeroverse::scene::procedural_indoor: procedural_indoor seed=43 version=3 humans=2 layout=OpenOffice room=Vec3(7.351426, 3.1029255, 9.660557) instances=42 cameras=2
2026-09-24T18:18:11.862807Z  INFO bevy_zeroverse::scene::procedural_indoor: procedural_indoor seed=44 version=3 humans=1 layout=Lounge room=Vec3(11.27767, 3.352808, 9.8162155) instances=30 cameras=2
2026-09-24T18:18:12.153268Z  INFO bevy_zeroverse::scene::procedural_indoor: procedural_indoor seed=45 version=3 humans=3 layout=Conference room=Vec3(9.152594, 3.2603555, 9.250935) instances=52 cameras=2
2026-09-24T18:18:12.438481Z  INFO bevy_zeroverse::scene::procedural_indoor: procedural_indoor seed=46 version=3 humans=3 layout=OpenOffice room=Vec3(10.227131, 3.3318574, 7.311283) instances=35 cameras=2
2026-09-24T18:18:12.743945Z  INFO bevy_zeroverse::scene::procedural_indoor: procedural_indoor seed=47 version=3 humans=5 layout=Training room=Vec3(9.470444, 2.8339827, 9.059871) instances=51 cameras=2
2026-09-24T18:18:13.028560Z  INFO bevy_zeroverse::scene::procedural_indoor: procedural_indoor seed=48 version=3 humans=3 layout=OpenOffice room=Vec3(8.583058, 3.0600057, 7.89671) instances=35 cameras=2
2026-09-24T18:18:13.320463Z  INFO bevy_zeroverse::scene::procedural_indoor: procedural_indoor seed=49 version=3 humans=2 layout=Conference room=Vec3(9.320328, 2.9700181, 10.787579) instances=54 cameras=2
2026-09-24T18:18:13.553354Z  INFO bevy_zeroverse::scene::procedural_indoor: procedural_indoor seed=50 version=3 humans=1 layout=OpenOffice room=Vec3(8.428901, 3.0318613, 8.339169) instances=33 cameras=2
2026-09-24T18:18:13.909736Z  INFO bevy_zeroverse::scene::procedural_indoor: procedural_indoor seed=51 version=3 humans=6 layout=Conference room=Vec3(10.497404, 2.8726852, 9.534834) instances=55 cameras=2
2026-09-24T18:18:14.218129Z  INFO bevy_zeroverse::scene::procedural_indoor: procedural_indoor seed=52 version=3 humans=2 layout=Training room=Vec3(9.197319, 3.4656227, 9.4377575) instances=50 cameras=2
2026-09-24T18:18:14.515066Z  INFO bevy_zeroverse::scene::procedural_indoor: procedural_indoor seed=53 version=3 humans=4 layout=Training room=Vec3(9.135757, 3.6349456, 8.064757) instances=41 cameras=2
2026-09-24T18:18:14.795336Z  INFO bevy_zeroverse::scene::procedural_indoor: procedural_indoor seed=54 version=3 humans=4 layout=Training room=Vec3(10.815225, 3.5779648, 8.588039) instances=39 cameras=2
2026-09-24T18:18:15.032516Z  INFO bevy_zeroverse::scene::procedural_indoor: procedural_indoor seed=55 version=3 humans=2 layout=Lounge room=Vec3(9.488959, 3.5015545, 7.3385434) instances=26 cameras=2
2026-09-24T18:18:15.277102Z  INFO bevy_zeroverse::scene::procedural_indoor: procedural_indoor seed=56 version=3 humans=3 layout=OpenOffice room=Vec3(8.993713, 3.3316808, 10.409227) instances=44 cameras=2
2026-09-24T18:18:15.574698Z  INFO bevy_zeroverse::scene::procedural_indoor: procedural_indoor seed=57 version=3 humans=3 layout=Conference room=Vec3(11.1280575, 2.9310124, 8.113618) instances=44 cameras=2
2026-09-24T18:18:15.793890Z  INFO bevy_zeroverse::scene::procedural_indoor: procedural_indoor seed=58 version=3 humans=0 layout=Lounge room=Vec3(10.525337, 3.6390638, 8.099745) instances=27 cameras=2
2026-09-24T18:18:16.045071Z  INFO bevy_zeroverse::scene::procedural_indoor: procedural_indoor seed=59 version=3 humans=3 layout=OpenOffice room=Vec3(9.511583, 3.383254, 7.6357455) instances=33 cameras=2
2026-09-24T18:18:16.266572Z  INFO bevy_zeroverse::scene::procedural_indoor: procedural_indoor seed=60 version=3 humans=3 layout=OpenOffice room=Vec3(9.1425495, 3.4634066, 8.900076) instances=32 cameras=2
2026-09-24T18:18:16.506941Z  INFO bevy_zeroverse::scene::procedural_indoor: procedural_indoor seed=61 version=3 humans=2 layout=OpenOffice room=Vec3(8.8415165, 3.222917, 10.949521) instances=47 cameras=2
2026-09-24T18:18:16.736997Z  INFO bevy_zeroverse::scene::procedural_indoor: procedural_indoor seed=62 version=3 humans=1 layout=OpenOffice room=Vec3(9.18315, 3.3249273, 9.971827) instances=46 cameras=2
2026-09-24T18:18:17.076418Z  INFO bevy_zeroverse::scene::procedural_indoor: procedural_indoor seed=63 version=3 humans=6 layout=Conference room=Vec3(9.105946, 3.4528892, 8.383632) instances=46 cameras=2
2026-09-24T18:18:18.046921Z  INFO bevy_zeroverse::scene::procedural_indoor: procedural_indoor seed=6 version=3 humans=3 layout=OpenOffice room=Vec3(8.844214, 3.2474034, 9.035895) instances=40 cameras=2
2026-09-24T18:18:18.284005Z  INFO bevy_zeroverse::scene::procedural_indoor: procedural_indoor seed=6 version=3 humans=3 layout=OpenOffice room=Vec3(8.844214, 3.2474034, 9.035895) instances=40 cameras=2
64 regenerated scenes and 8 fixed-scene captures passed; RGB plus all four labels bit-exact across cleanup toggle/replay; view caches and GPU bin-unpacking bindings evicted obsolete keys; all four observed caches remained bounded
ok

test result: ok. 1 passed; 0 failed; 0 ignored; 0 measured; 0 filtered out; finished in 20.65s

