Command: cargo check --target wasm32-unknown-unknown --no-default-features --features web --lib --bin viewer
Exit code: 0
Final output:
    Checking bevy_core_pipeline v0.19.1
    Checking bevy_sprite_render v0.19.1
    Checking bevy_pbr v0.19.1
    Checking bevy_post_process v0.19.1
    Checking bevy_anti_alias v0.19.1
    Checking bevy_egui v0.42.0
    Checking bevy_ui_render v0.19.1
    Checking bevy_egui v0.40.1
    Checking bevy_gizmos_render v0.19.1
    Checking bevy-inspector-egui v0.37.0
    Checking bevy_internal v0.19.1
    Checking bevy v0.19.1
    Checking bevy_panorbit_camera v0.35.1
    Checking bevy_args v4.0.0
    Checking bevy_burn_human v0.4.0
    Checking bevy_zeroverse v0.17.3 (/media/mosure/hyper1/repos/bevy_zeroverse)
    Finished `dev` profile [optimized + debuginfo] target(s) in 4m 10s
warning: the following packages contain code that will be rejected by a future version of Rust: naga v29.0.4, wgpu v29.0.4, winit v0.30.12
note: to see what the problems were, use the option `--future-incompat-report`, or run `cargo report future-incompatibilities --id 6`
