    Checking serde_core v1.0.228
    Checking derive_more v2.1.0
    Checking num-rational v0.4.2
    Checking hashbrown v0.15.5
    Checking gimli v0.32.3
    Checking winnow v1.0.4
    Checking option-ext v0.2.0
    Checking object v0.37.3
    Checking rustc-demangle v0.1.28
    Checking toml_writer v1.1.2+spec-1.1.0
    Checking dirs-sys v0.5.0
    Checking sanitize-filename v0.6.0
    Checking tynm v0.2.0
    Checking dirs v6.0.0
    Checking web-time v1.1.0
    Checking oneshot v0.2.1
    Checking float4 v0.2.0
    Checking bytes v1.12.1
    Checking embassy-futures v0.1.2
    Checking xxhash-rust v0.8.18
    Checking av-scenechange v0.14.1
    Checking av1-grain v0.2.5
    Checking toml_parser v1.1.3+spec-1.1.0
    Checking fnv v1.0.7
    Checking float-ord v0.3.2
    Checking md5 v0.8.0
    Checking rustc-hash v2.1.1
    Checking num-iter v0.1.45
    Checking num-complex v0.4.6
    Checking no-std-compat v0.2.0
    Checking type-map v0.5.1
    Checking stable-vec v0.4.1
    Checking c2rust-bitfields v0.20.0
    Checking zeroize v1.8.2
    Checking tracel-ash v0.39.5+sdk1.4.357
    Checking rmp v0.8.14
    Checking unty v0.0.4
    Checking rustls-pki-types v1.13.2
    Checking colored v3.0.0
    Checking num v0.4.3
    Checking hashbrown v0.13.2
    Checking rav1e v0.8.1
    Checking getrandom v0.2.16
    Checking untrusted v0.9.0
    Checking subtle v2.6.1
    Checking ring v0.17.14
    Checking hex v0.4.3
    Checking webpki-roots v1.0.4
    Checking webpki-roots v0.26.11
    Checking serde v1.0.228
    Checking bitflags v2.13.2
    Checking hashbrown v0.16.1
    Checking uuid v1.26.1
    Checking glam v0.32.1
    Checking serde_json v1.0.151
    Checking rustix v1.1.5
    Checking spirv v0.4.0+sdk-1.4.341.0
    Checking smallvec v1.15.1
    Checking portable-atomic v1.15.0
    Checking indexmap v2.12.1
    Checking spin v0.10.1
    Checking half v2.7.1
    Checking wgpu-types v29.0.4
    Checking parking_lot_core v0.9.12
    Checking bevy_platform v0.19.1
    Checking smol_str v0.2.2
    Checking naga v29.0.4
    Checking parking_lot v0.12.5
    Checking bevy_utils v0.19.1
    Checking erased-serde v0.4.9
    Checking gpu-descriptor-types v0.2.0
    Checking gpu-allocator v0.28.0
    Checking gpu-descriptor v0.3.2
    Checking bevy_tasks v0.19.1
    Checking nix v0.30.1
    Checking ciborium-ll v0.2.2
    Checking addr2line v0.25.1
    Checking toml_datetime v1.1.1+spec-1.1.0
    Checking serde_spanned v1.1.1
    Checking ciborium v0.2.2
    Checking toml v1.1.0+spec-1.1.0
    Checking backtrace v0.3.76
    Checking ctrlc v3.5.1
    Checking float8 v0.7.0
    Checking serde_bytes v0.11.19
    Checking enumset v1.1.14
    Checking cubecl-zspace v0.10.0
    Checking ron v0.12.2
    Checking ravif v0.12.0
    Checking exr v1.74.0
    Checking tiff v0.10.3
    Checking cubecl-common v0.10.0
    Checking png v0.18.0
    Checking polling v3.11.0
    Checking async-io v2.6.0
    Checking petgraph v0.8.3
    Checking tracel-rspirv v0.12.1+sdk-1.4.341.0
    Checking ktx2 v0.5.0
    Checking tracing-subscriber v0.3.22
    Checking cubecl-ir v0.10.0
    Checking icu_normalizer v2.1.1
    Checking harfrust v0.6.2
    Checking fontique v0.9.0
    Checking image v0.25.9
    Checking wayland-backend v0.3.17
    Checking accesskit v0.24.1
    Checking gethostname v1.1.0
    Checking bevy_reflect v0.19.1
    Checking hexasphere v18.0.0
    Checking x11rb v0.13.2
    Checking rustix v0.38.44
    Checking wayland-client v0.31.15
    Checking cubecl-runtime v0.10.0
    Checking gltf-json v1.4.1
    Checking parley v0.9.0
    Checking xkbcommon-dl v0.4.2
    Checking wayland-protocols v0.32.13
    Checking idna_adapter v1.2.1
    Checking kurbo v0.13.1
    Checking idna v1.1.0
    Checking url v2.5.7
    Checking cubecl-core v0.10.0
    Checking calloop v0.13.0
    Checking peniko v0.6.1
    Checking vello_common v0.0.6
    Checking calloop v0.14.4
    Checking winit v0.30.12
    Checking calloop-wayland-source v0.4.1
    Checking wayland-cursor v0.31.14
    Checking wayland-csd-frame v0.3.0
    Checking vello_cpu v0.0.6
    Checking bincode v2.0.1
    Checking rmp-serde v1.3.1
    Checking gltf v1.4.1
    Checking wgpu-naga-bridge v29.0.4
    Checking wgpu-hal v29.0.4 (/media/mosure/hyper1/repos/bevy_zeroverse/third_party/wgpu-hal)
    Checking naga_oil v0.22.0
    Checking epaint v0.34.3
    Checking text_placeholder v0.5.1
    Checking webbrowser v1.0.6
    Checking bevy_ecs v0.19.1
    Checking bevy_math v0.19.1
    Checking arboard v3.6.1
    Checking safetensors v0.7.0
    Checking rustls-webpki v0.103.8
    Checking burn_human_motion v0.1.1 (/media/mosure/hyper1/repos/burn_human/crates/burn_human_motion)
    Checking egui v0.34.3
    Checking cubecl-opt v0.10.0
    Checking cubecl-std v0.10.0
    Checking wayland-protocols-misc v0.3.12
    Checking wayland-protocols-wlr v0.3.12
    Checking accesskit_winit v0.32.2
    Checking wayland-protocols-experimental v20250721.0.1
    Checking rustls v0.23.35
    Checking burn_human v0.5.1 (/media/mosure/hyper1/repos/burn_human)
    Checking futures-intrusive v0.5.0
    Checking smithay-client-toolkit v0.20.0
    Checking wgpu-core-deps-windows-linux-android v29.0.4
    Checking wgpu-core v29.0.4 (/media/mosure/hyper1/repos/bevy_zeroverse/third_party/wgpu-core)
    Checking smithay-clipboard v0.7.3
    Checking bevy_color v0.19.1
    Checking cubecl-spirv v0.10.0
    Checking ureq v2.12.1
    Checking wgpu v29.0.4
    Checking cubecl-wgpu v0.10.0
    Checking cubecl v0.10.0
    Checking burn-std v0.21.0
    Checking cubek-std v0.2.0
    Checking cubek-quant v0.2.0
    Checking cubek-fft v0.2.0
    Checking cubek-random v0.2.0
    Checking burn-backend v0.21.0
    Checking burn-ir v0.21.0
    Checking burn-tensor v0.21.0
    Checking cubek-matmul v0.2.0
    Checking cubek-reduce v0.2.0
    Checking bevy_app v0.19.1
    Checking burn-core v0.21.0
    Checking bevy_time v0.19.1
    Checking bevy_input v0.19.1
    Checking bevy_transform v0.19.1
    Checking bevy_log v0.19.1
    Checking bevy_a11y v0.19.1
    Checking bevy_state v0.19.1
    Checking bevy_clipboard v0.19.1
    Checking bevy_diagnostic v0.19.1
    Checking bevy_asset v0.19.1
    Checking burn-fusion v0.21.0
    Checking burn-nn v0.21.0
    Checking burn-optim v0.21.0
    Checking bevy_window v0.19.1
    Checking cubek-attention v0.2.0
    Checking cubek-convolution v0.2.0
    Checking bevy_input_focus v0.19.1
    Checking cubek v0.2.0
    Checking burn-cubecl-fusion v0.21.0
    Checking bevy_winit v0.19.1
    Checking bevy_image v0.19.1
    Checking bevy_mesh v0.19.1
    Checking bevy_shader v0.19.1
    Checking burn-cubecl v0.21.0
    Checking bevy_text v0.19.1
    Checking bevy_camera v0.19.1
    Checking bevy_material v0.19.1
    Checking bevy_gizmos v0.19.1
    Checking bevy_render v0.19.1
    Checking bevy_sprite v0.19.1
    Checking bevy_world_serialization v0.19.1
    Checking bevy_picking v0.19.1
    Checking bevy_ui v0.19.1
    Checking burn-wgpu v0.21.0
    Checking burn v0.21.0
    Checking burn_siglip2 v0.1.0 (/media/mosure/hyper1/repos/bevy_zeroverse/third_party/burn_siglip2)
    Checking bevy_light v0.19.1
    Checking bevy_gltf v0.19.1
    Checking bevy_core_pipeline v0.19.1
    Checking bevy_sprite_render v0.19.1
    Checking bevy_pbr v0.19.1
    Checking bevy_post_process v0.19.1
    Checking bevy_anti_alias v0.19.1
    Checking bevy_ui_render v0.19.1
    Checking bevy_egui v0.40.1
    Checking bevy_gizmos_render v0.19.1
    Checking bevy-inspector-egui v0.37.0
    Checking bevy_internal v0.19.1
    Checking bevy v0.19.1
    Checking bevy_burn_human v0.6.1 (/media/mosure/hyper1/repos/burn_human/crates/bevy_burn_human)
    Checking bevy_panorbit_camera v0.35.1
    Checking bevy_args v4.0.0
    Checking bevy_zeroverse v0.20.0 (/media/mosure/hyper1/repos/bevy_zeroverse)
    Finished `dev` profile [optimized] target(s) in 1m 46s
warning: the following packages contain code that will be rejected by a future version of Rust: burn-cubecl v0.21.0, burn-cubecl-fusion v0.21.0
note: to see what the problems were, use the option `--future-incompat-report`, or run `cargo report future-incompatibilities --id 1`
